13:10:21.118 [error] :gen_statem #PID<0.376.0> terminating
** (stop) exited in: GenServer.call(Postgrex.SCRAM.LockedCache, {:lock, {<<72, 8, 43, 229, 198, 102, 23, 125, 232, 199, 51, 16, 67, 21, 133, 14, 223, 79, 1, 210, 161, 219, 136, 32, 171, 145, 179, 4, 37, 181, 211, 221>>, <<236, 148, 130, 159, 1, 25, 215, 206, 35, 32, 143, 49, 126, 164, 207, 102>>, 4096}}, :infinity)
    ** (EXIT) no process: the process is not alive or there's no process currently associated with the given name, possibly because its application isn't started
    (elixir 1.19.5) lib/gen_server.ex:1135: GenServer.call/3
    (postgrex 0.22.0) lib/postgrex/scram/locked_cache.ex:33: Postgrex.SCRAM.LockedCache.run/2
    (postgrex 0.22.0) lib/postgrex/scram.ex:28: Postgrex.SCRAM.client_final/2
    (postgrex 0.22.0) lib/postgrex/protocol.ex:923: Postgrex.Protocol.auth_cont/4
    (postgrex 0.22.0) lib/postgrex/protocol.ex:760: Postgrex.Protocol.handshake/3
    (postgrex 0.22.0) lib/postgrex/protocol.ex:229: Postgrex.Protocol.connect_endpoints/6
    (db_connection 2.9.0) lib/db_connection/connection.ex:80: DBConnection.Connection.handle_event/4
    (stdlib 7.2) gen_statem.erl:3743: :gen_statem.loop_state_callback/11
Process Label: "db_conn_41"
Queue: [internal: {:connect, :init}]
Postponed: []
13:10:21.117 [error] :gen_statem #PID<0.375.0> terminating
** (stop) exited in: GenServer.call(Postgrex.SCRAM.LockedCache, {:lock, {<<72, 8, 43, 229, 198, 102, 23, 125, 232, 199, 51, 16, 67, 21, 133, 14, 223, 79, 1, 210, 161, 219, 136, 32, 171, 145, 179, 4, 37, 181, 211, 221>>, <<236, 148, 130, 159, 1, 25, 215, 206, 35, 32, 143, 49, 126, 164, 207, 102>>, 4096}}, :infinity)
    ** (EXIT) no process: the process is not alive or there's no process currently associated with the given name, possibly because its application isn't started
    (elixir 1.19.5) lib/gen_server.ex:1135: GenServer.call/3
    (postgrex 0.22.0) lib/postgrex/scram/locked_cache.ex:33: Postgrex.SCRAM.LockedCache.run/2
    (postgrex 0.22.0) lib/postgrex/scram.ex:28: Postgrex.SCRAM.client_final/2
    (postgrex 0.22.0) lib/postgrex/protocol.ex:923: Postgrex.Protocol.auth_cont/4
    (postgrex 0.22.0) lib/postgrex/protocol.ex:760: Postgrex.Protocol.handshake/3
    (postgrex 0.22.0) lib/postgrex/protocol.ex:229: Postgrex.Protocol.connect_endpoints/6
    (db_connection 2.9.0) lib/db_connection/connection.ex:80: DBConnection.Connection.handle_event/4
    (stdlib 7.2) gen_statem.erl:3743: :gen_statem.loop_state_callback/11
Process Label: "db_conn_40"
Queue: [internal: {:connect, :init}]
Postponed: []
13:10:21.118 [error] :gen_statem #PID<0.391.0> terminating
** (stop) exited in: GenServer.call(Postgrex.SCRAM.LockedCache, {:lock, {<<72, 8, 43, 229, 198, 102, 23, 125, 232, 199, 51, 16, 67, 21, 133, 14, 223, 79, 1, 210, 161, 219, 136, 32, 171, 145, 179, 4, 37, 181, 211, 221>>, <<236, 148, 130, 159, 1, 25, 215, 206, 35, 32, 143, 49, 126, 164, 207, 102>>, 4096}}, :infinity)
    ** (EXIT) no process: the process is not alive or there's no process currently associated with the given name, possibly because its application isn't started
    (elixir 1.19.5) lib/gen_server.ex:1135: GenServer.call/3
    (postgrex 0.22.0) lib/postgrex/scram/locked_cache.ex:33: Postgrex.SCRAM.LockedCache.run/2
    (postgrex 0.22.0) lib/postgrex/scram.ex:28: Postgrex.SCRAM.client_final/2
    (postgrex 0.22.0) lib/postgrex/protocol.ex:923: Postgrex.Protocol.auth_cont/4
    (postgrex 0.22.0) lib/postgrex/protocol.ex:760: Postgrex.Protocol.handshake/3
    (postgrex 0.22.0) lib/postgrex/protocol.ex:229: Postgrex.Protocol.connect_endpoints/6
    (db_connection 2.9.0) lib/db_connection/connection.ex:80: DBConnection.Connection.handle_event/4
    (stdlib 7.2) gen_statem.erl:3743: :gen_statem.loop_state_callback/11
Process Label: "db_conn_56"
Queue: [internal: {:connect, :init}]
Postponed: []
13:10:21.117 [error] :gen_statem #PID<0.395.0> terminating
** (stop) exited in: GenServer.call(Postgrex.SCRAM.LockedCache, {:lock, {<<72, 8, 43, 229, 198, 102, 23, 125, 232, 199, 51, 16, 67, 21, 133, 14, 223, 79, 1, 210, 161, 219, 136, 32, 171, 145, 179, 4, 37, 181, 211, 221>>, <<236, 148, 130, 159, 1, 25, 215, 206, 35, 32, 143, 49, 126, 164, 207, 102>>, 4096}}, :infinity)
    ** (EXIT) no process: the process is not alive or there's no process currently associated with the given name, possibly because its application isn't started
    (elixir 1.19.5) lib/gen_server.ex:1135: GenServer.call/3
    (postgrex 0.22.0) lib/postgrex/scram/locked_cache.ex:33: Postgrex.SCRAM.LockedCache.run/2
    (postgrex 0.22.0) lib/postgrex/scram.ex:28: Postgrex.SCRAM.client_final/2
    (postgrex 0.22.0) lib/postgrex/protocol.ex:923: Postgrex.Protocol.auth_cont/4
    (postgrex 0.22.0) lib/postgrex/protocol.ex:760: Postgrex.Protocol.handshake/3
    (postgrex 0.22.0) lib/postgrex/protocol.ex:229: Postgrex.Protocol.connect_endpoints/6
    (db_connection 2.9.0) lib/db_connection/connection.ex:80: DBConnection.Connection.handle_event/4
    (stdlib 7.2) gen_statem.erl:3743: :gen_statem.loop_state_callback/11
Process Label: "db_conn_60"
Queue: [internal: {:connect, :init}]
Postponed: []
13:10:21.118 [error] :gen_statem #PID<0.356.0> terminating
** (stop) exited in: GenServer.call(Postgrex.SCRAM.LockedCache, {:lock, {<<72, 8, 43, 229, 198, 102, 23, 125, 232, 199, 51, 16, 67, 21, 133, 14, 223, 79, 1, 210, 161, 219, 136, 32, 171, 145, 179, 4, 37, 181, 211, 221>>, <<236, 148, 130, 159, 1, 25, 215, 206, 35, 32, 143, 49, 126, 164, 207, 102>>, 4096}}, :infinity)
    ** (EXIT) no process: the process is not alive or there's no process currently associated with the given name, possibly because its application isn't started
    (elixir 1.19.5) lib/gen_server.ex:1135: GenServer.call/3
    (postgrex 0.22.0) lib/postgrex/scram/locked_cache.ex:33: Postgrex.SCRAM.LockedCache.run/2
    (postgrex 0.22.0) lib/postgrex/scram.ex:28: Postgrex.SCRAM.client_final/2
    (postgrex 0.22.0) lib/postgrex/protocol.ex:923: Postgrex.Protocol.auth_cont/4
    (postgrex 0.22.0) lib/postgrex/protocol.ex:760: Postgrex.Protocol.handshake/3
    (postgrex 0.22.0) lib/postgrex/protocol.ex:229: Postgrex.Protocol.connect_endpoints/6
    (db_connection 2.9.0) lib/db_connection/connection.ex:80: DBConnection.Connection.handle_event/4
    (stdlib 7.2) gen_statem.erl:3743: :gen_statem.loop_state_callback/11
Process Label: "db_conn_21"
Queue: [internal: {:connect, :init}]
Postponed: []
13:10:21.118 [error] :gen_statem #PID<0.388.0> terminating
** (stop) exited in: GenServer.call(Postgrex.SCRAM.LockedCache, {:lock, {<<72, 8, 43, 229, 198, 102, 23, 125, 232, 199, 51, 16, 67, 21, 133, 14, 223, 79, 1, 210, 161, 219, 136, 32, 171, 145, 179, 4, 37, 181, 211, 221>>, <<236, 148, 130, 159, 1, 25, 215, 206, 35, 32, 143, 49, 126, 164, 207, 102>>, 4096}}, :infinity)
    ** (EXIT) no process: the process is not alive or there's no process currently associated with the given name, possibly because its application isn't started
    (elixir 1.19.5) lib/gen_server.ex:1135: GenServer.call/3
    (postgrex 0.22.0) lib/postgrex/scram/locked_cache.ex:33: Postgrex.SCRAM.LockedCache.run/2
    (postgrex 0.22.0) lib/postgrex/scram.ex:28: Postgrex.SCRAM.client_final/2
    (postgrex 0.22.0) lib/postgrex/protocol.ex:923: Postgrex.Protocol.auth_cont/4
    (postgrex 0.22.0) lib/postgrex/protocol.ex:760: Postgrex.Protocol.handshake/3
    (postgrex 0.22.0) lib/postgrex/protocol.ex:229: Postgrex.Protocol.connect_endpoints/6
    (db_connection 2.9.0) lib/db_connection/connection.ex:80: DBConnection.Connection.handle_event/4
    (stdlib 7.2) gen_statem.erl:3743: :gen_statem.loop_state_callback/11
Process Label: "db_conn_53"
Queue: [internal: {:connect, :init}]
Postponed: []
13:10:21.118 [error] :gen_statem #PID<0.377.0> terminating
** (stop) exited in: GenServer.call(Postgrex.SCRAM.LockedCache, {:lock, {<<72, 8, 43, 229, 198, 102, 23, 125, 232, 199, 51, 16, 67, 21, 133, 14, 223, 79, 1, 210, 161, 219, 136, 32, 171, 145, 179, 4, 37, 181, 211, 221>>, <<236, 148, 130, 159, 1, 25, 215, 206, 35, 32, 143, 49, 126, 164, 207, 102>>, 4096}}, :infinity)
    ** (EXIT) no process: the process is not alive or there's no process currently associated with the given name, possibly because its application isn't started
    (elixir 1.19.5) lib/gen_server.ex:1135: GenServer.call/3
    (postgrex 0.22.0) lib/postgrex/scram/locked_cache.ex:33: Postgrex.SCRAM.LockedCache.run/2
    (postgrex 0.22.0) lib/postgrex/scram.ex:28: Postgrex.SCRAM.client_final/2
    (postgrex 0.22.0) lib/postgrex/protocol.ex:923: Postgrex.Protocol.auth_cont/4
    (postgrex 0.22.0) lib/postgrex/protocol.ex:760: Postgrex.Protocol.handshake/3
    (postgrex 0.22.0) lib/postgrex/protocol.ex:229: Postgrex.Protocol.connect_endpoints/6
    (db_connection 2.9.0) lib/db_connection/connection.ex:80: DBConnection.Connection.handle_event/4
    (stdlib 7.2) gen_statem.erl:3743: :gen_statem.loop_state_callback/11
Process Label: "db_conn_42"
Queue: [internal: {:connect, :init}]
Postponed: []
13:10:21.117 [error] :gen_statem #PID<0.338.0> terminating
** (stop) exited in: GenServer.call(Postgrex.SCRAM.LockedCache, {:lock, {<<72, 8, 43, 229, 198, 102, 23, 125, 232, 199, 51, 16, 67, 21, 133, 14, 223, 79, 1, 210, 161, 219, 136, 32, 171, 145, 179, 4, 37, 181, 211, 221>>, <<236, 148, 130, 159, 1, 25, 215, 206, 35, 32, 143, 49, 126, 164, 207, 102>>, 4096}}, :infinity)
    ** (EXIT) no process: the process is not alive or there's no process currently associated with the given name, possibly because its application isn't started
    (elixir 1.19.5) lib/gen_server.ex:1135: GenServer.call/3
    (postgrex 0.22.0) lib/postgrex/scram/locked_cache.ex:33: Postgrex.SCRAM.LockedCache.run/2
    (postgrex 0.22.0) lib/postgrex/scram.ex:28: Postgrex.SCRAM.client_final/2
    (postgrex 0.22.0) lib/postgrex/protocol.ex:923: Postgrex.Protocol.auth_cont/4
    (postgrex 0.22.0) lib/postgrex/protocol.ex:760: Postgrex.Protocol.handshake/3
    (postgrex 0.22.0) lib/postgrex/protocol.ex:229: Postgrex.Protocol.connect_endpoints/6
    (db_connection 2.9.0) lib/db_connection/connection.ex:80: DBConnection.Connection.handle_event/4
    (stdlib 7.2) gen_statem.erl:3743: :gen_statem.loop_state_callback/11
Process Label: "db_conn_3"
Queue: [internal: {:connect, :init}]
Postponed: []
13:10:21.118 [error] :gen_statem #PID<0.337.0> terminating
** (stop) exited in: GenServer.call(Postgrex.SCRAM.LockedCache, {:lock, {<<72, 8, 43, 229, 198, 102, 23, 125, 232, 199, 51, 16, 67, 21, 133, 14, 223, 79, 1, 210, 161, 219, 136, 32, 171, 145, 179, 4, 37, 181, 211, 221>>, <<236, 148, 130, 159, 1, 25, 215, 206, 35, 32, 143, 49, 126, 164, 207, 102>>, 4096}}, :infinity)
    ** (EXIT) no process: the process is not alive or there's no process currently associated with the given name, possibly because its application isn't started
    (elixir 1.19.5) lib/gen_server.ex:1135: GenServer.call/3
    (postgrex 0.22.0) lib/postgrex/scram/locked_cache.ex:33: Postgrex.SCRAM.LockedCache.run/2
    (postgrex 0.22.0) lib/postgrex/scram.ex:28: Postgrex.SCRAM.client_final/2
    (postgrex 0.22.0) lib/postgrex/protocol.ex:923: Postgrex.Protocol.auth_cont/4
    (postgrex 0.22.0) lib/postgrex/protocol.ex:760: Postgrex.Protocol.handshake/3
    (postgrex 0.22.0) lib/postgrex/protocol.ex:229: Postgrex.Protocol.connect_endpoints/6
    (db_connection 2.9.0) lib/db_connection/connection.ex:80: DBConnection.Connection.handle_event/4
    (stdlib 7.2) gen_statem.erl:3743: :gen_statem.loop_state_callback/11
Process Label: "db_conn_2"
Queue: [internal: {:connect, :init}]
Postponed: []
13:10:21.118 [error] :gen_statem #PID<0.336.0> terminating
** (stop) exited in: GenServer.call(Postgrex.SCRAM.LockedCache, {:lock, {<<72, 8, 43, 229, 198, 102, 23, 125, 232, 199, 51, 16, 67, 21, 133, 14, 223, 79, 1, 210, 161, 219, 136, 32, 171, 145, 179, 4, 37, 181, 211, 221>>, <<236, 148, 130, 159, 1, 25, 215, 206, 35, 32, 143, 49, 126, 164, 207, 102>>, 4096}}, :infinity)
    ** (EXIT) no process: the process is not alive or there's no process currently associated with the given name, possibly because its application isn't started
    (elixir 1.19.5) lib/gen_server.ex:1135: GenServer.call/3
    (postgrex 0.22.0) lib/postgrex/scram/locked_cache.ex:33: Postgrex.SCRAM.LockedCache.run/2
    (postgrex 0.22.0) lib/postgrex/scram.ex:28: Postgrex.SCRAM.client_final/2
    (postgrex 0.22.0) lib/postgrex/protocol.ex:923: Postgrex.Protocol.auth_cont/4
    (postgrex 0.22.0) lib/postgrex/protocol.ex:760: Postgrex.Protocol.handshake/3
    (postgrex 0.22.0) lib/postgrex/protocol.ex:229: Postgrex.Protocol.connect_endpoints/6
    (db_connection 2.9.0) lib/db_connection/connection.ex:80: DBConnection.Connection.handle_event/4
    (stdlib 7.2) gen_statem.erl:3743: :gen_statem.loop_state_callback/11
Process Label: "db_conn_1"
Queue: [internal: {:connect, :init}]
Postponed: []
13:10:21.117 [error] :gen_statem #PID<0.358.0> terminating
** (stop) exited in: GenServer.call(Postgrex.SCRAM.LockedCache, {:lock, {<<72, 8, 43, 229, 198, 102, 23, 125, 232, 199, 51, 16, 67, 21, 133, 14, 223, 79, 1, 210, 161, 219, 136, 32, 171, 145, 179, 4, 37, 181, 211, 221>>, <<236, 148, 130, 159, 1, 25, 215, 206, 35, 32, 143, 49, 126, 164, 207, 102>>, 4096}}, :infinity)
    ** (EXIT) no process: the process is not alive or there's no process currently associated with the given name, possibly because its application isn't started
    (elixir 1.19.5) lib/gen_server.ex:1135: GenServer.call/3
    (postgrex 0.22.0) lib/postgrex/scram/locked_cache.ex:33: Postgrex.SCRAM.LockedCache.run/2
    (postgrex 0.22.0) lib/postgrex/scram.ex:28: Postgrex.SCRAM.client_final/2
    (postgrex 0.22.0) lib/postgrex/protocol.ex:923: Postgrex.Protocol.auth_cont/4
    (postgrex 0.22.0) lib/postgrex/protocol.ex:760: Postgrex.Protocol.handshake/3
    (postgrex 0.22.0) lib/postgrex/protocol.ex:229: Postgrex.Protocol.connect_endpoints/6
    (db_connection 2.9.0) lib/db_connection/connection.ex:80: DBConnection.Connection.handle_event/4
    (stdlib 7.2) gen_statem.erl:3743: :gen_statem.loop_state_callback/11
Process Label: "db_conn_23"
Queue: [internal: {:connect, :init}]
Postponed: []
13:10:21.118 [error] :gen_statem #PID<0.357.0> terminating
** (stop) exited in: GenServer.call(Postgrex.SCRAM.LockedCache, {:lock, {<<72, 8, 43, 229, 198, 102, 23, 125, 232, 199, 51, 16, 67, 21, 133, 14, 223, 79, 1, 210, 161, 219, 136, 32, 171, 145, 179, 4, 37, 181, 211, 221>>, <<236, 148, 130, 159, 1, 25, 215, 206, 35, 32, 143, 49, 126, 164, 207, 102>>, 4096}}, :infinity)
    ** (EXIT) no process: the process is not alive or there's no process currently associated with the given name, possibly because its application isn't started
    (elixir 1.19.5) lib/gen_server.ex:1135: GenServer.call/3
    (postgrex 0.22.0) lib/postgrex/scram/locked_cache.ex:33: Postgrex.SCRAM.LockedCache.run/2
    (postgrex 0.22.0) lib/postgrex/scram.ex:28: Postgrex.SCRAM.client_final/2
    (postgrex 0.22.0) lib/postgrex/protocol.ex:923: Postgrex.Protocol.auth_cont/4
    (postgrex 0.22.0) lib/postgrex/protocol.ex:760: Postgrex.Protocol.handshake/3
    (postgrex 0.22.0) lib/postgrex/protocol.ex:229: Postgrex.Protocol.connect_endpoints/6
    (db_connection 2.9.0) lib/db_connection/connection.ex:80: DBConnection.Connection.handle_event/4
    (stdlib 7.2) gen_statem.erl:3743: :gen_statem.loop_state_callback/11
Process Label: "db_conn_22"
Queue: [internal: {:connect, :init}]
Postponed: []
13:10:21.118 [error] :gen_statem #PID<0.365.0> terminating
** (stop) exited in: GenServer.call(Postgrex.SCRAM.LockedCache, {:lock, {<<72, 8, 43, 229, 198, 102, 23, 125, 232, 199, 51, 16, 67, 21, 133, 14, 223, 79, 1, 210, 161, 219, 136, 32, 171, 145, 179, 4, 37, 181, 211, 221>>, <<236, 148, 130, 159, 1, 25, 215, 206, 35, 32, 143, 49, 126, 164, 207, 102>>, 4096}}, :infinity)
    ** (EXIT) no process: the process is not alive or there's no process currently associated with the given name, possibly because its application isn't started
    (elixir 1.19.5) lib/gen_server.ex:1135: GenServer.call/3
    (postgrex 0.22.0) lib/postgrex/scram/locked_cache.ex:33: Postgrex.SCRAM.LockedCache.run/2
    (postgrex 0.22.0) lib/postgrex/scram.ex:28: Postgrex.SCRAM.client_final/2
    (postgrex 0.22.0) lib/postgrex/protocol.ex:923: Postgrex.Protocol.auth_cont/4
    (postgrex 0.22.0) lib/postgrex/protocol.ex:760: Postgrex.Protocol.handshake/3
    (postgrex 0.22.0) lib/postgrex/protocol.ex:229: Postgrex.Protocol.connect_endpoints/6
    (db_connection 2.9.0) lib/db_connection/connection.ex:80: DBConnection.Connection.handle_event/4
    (stdlib 7.2) gen_statem.erl:3743: :gen_statem.loop_state_callback/11
Process Label: "db_conn_30"
Queue: [internal: {:connect, :init}]
Postponed: []
13:10:21.117 [error] :gen_statem #PID<0.369.0> terminating
** (stop) exited in: GenServer.call(Postgrex.SCRAM.LockedCache, {:lock, {<<72, 8, 43, 229, 198, 102, 23, 125, 232, 199, 51, 16, 67, 21, 133, 14, 223, 79, 1, 210, 161, 219, 136, 32, 171, 145, 179, 4, 37, 181, 211, 221>>, <<236, 148, 130, 159, 1, 25, 215, 206, 35, 32, 143, 49, 126, 164, 207, 102>>, 4096}}, :infinity)
    ** (EXIT) no process: the process is not alive or there's no process currently associated with the given name, possibly because its application isn't started
    (elixir 1.19.5) lib/gen_server.ex:1135: GenServer.call/3
    (postgrex 0.22.0) lib/postgrex/scram/locked_cache.ex:33: Postgrex.SCRAM.LockedCache.run/2
    (postgrex 0.22.0) lib/postgrex/scram.ex:28: Postgrex.SCRAM.client_final/2
    (postgrex 0.22.0) lib/postgrex/protocol.ex:923: Postgrex.Protocol.auth_cont/4
    (postgrex 0.22.0) lib/postgrex/protocol.ex:760: Postgrex.Protocol.handshake/3
    (postgrex 0.22.0) lib/postgrex/protocol.ex:229: Postgrex.Protocol.connect_endpoints/6
    (db_connection 2.9.0) lib/db_connection/connection.ex:80: DBConnection.Connection.handle_event/4
    (stdlib 7.2) gen_statem.erl:3743: :gen_statem.loop_state_callback/11
Process Label: "db_conn_34"
Queue: [internal: {:connect, :init}]
Postponed: []
13:10:21.118 [error] :gen_statem #PID<0.339.0> terminating
** (stop) exited in: GenServer.call(Postgrex.SCRAM.LockedCache, {:lock, {<<72, 8, 43, 229, 198, 102, 23, 125, 232, 199, 51, 16, 67, 21, 133, 14, 223, 79, 1, 210, 161, 219, 136, 32, 171, 145, 179, 4, 37, 181, 211, 221>>, <<236, 148, 130, 159, 1, 25, 215, 206, 35, 32, 143, 49, 126, 164, 207, 102>>, 4096}}, :infinity)
    ** (EXIT) no process: the process is not alive or there's no process currently associated with the given name, possibly because its application isn't started
    (elixir 1.19.5) lib/gen_server.ex:1135: GenServer.call/3
    (postgrex 0.22.0) lib/postgrex/scram/locked_cache.ex:33: Postgrex.SCRAM.LockedCache.run/2
    (postgrex 0.22.0) lib/postgrex/scram.ex:28: Postgrex.SCRAM.client_final/2
    (postgrex 0.22.0) lib/postgrex/protocol.ex:923: Postgrex.Protocol.auth_cont/4
    (postgrex 0.22.0) lib/postgrex/protocol.ex:760: Postgrex.Protocol.handshake/3
    (postgrex 0.22.0) lib/postgrex/protocol.ex:229: Postgrex.Protocol.connect_endpoints/6
    (db_connection 2.9.0) lib/db_connection/connection.ex:80: DBConnection.Connection.handle_event/4
    (stdlib 7.2) gen_statem.erl:3743: :gen_statem.loop_state_callback/11
Process Label: "db_conn_4"
Queue: [internal: {:connect, :init}]
Postponed: []
