14:59:30.747 [error] :gen_statem #PID<0.371.0> terminating
** (stop) exited in: GenServer.call(Postgrex.SCRAM.LockedCache, {:lock, {<<72, 8, 43, 229, 198, 102, 23, 125, 232, 199, 51, 16, 67, 21, 133, 14, 223, 79, 1, 210, 161, 219, 136, 32, 171, 145, 179, 4, 37, 181, 211, 221>>, <<236, 148, 130, 159, 1, 25, 215, 206, 35, 32, 143, 49, 126, 164, 207, 102>>, 4096}}, :infinity)
    ** (EXIT) no process: the process is not alive or there's no process currently associated with the given name, possibly because its application isn't started
    (elixir 1.19.5) lib/gen_server.ex:1135: GenServer.call/3
    (postgrex 0.22.0) lib/postgrex/scram/locked_cache.ex:33: Postgrex.SCRAM.LockedCache.run/2
    (postgrex 0.22.0) lib/postgrex/scram.ex:28: Postgrex.SCRAM.client_final/2
    (postgrex 0.22.0) lib/postgrex/protocol.ex:923: Postgrex.Protocol.auth_cont/4
    (postgrex 0.22.0) lib/postgrex/protocol.ex:760: Postgrex.Protocol.handshake/3
    (postgrex 0.22.0) lib/postgrex/protocol.ex:229: Postgrex.Protocol.connect_endpoints/6
    (db_connection 2.9.0) lib/db_connection/connection.ex:80: DBConnection.Connection.handle_event/4
    (stdlib 7.2) gen_statem.erl:3743: :gen_statem.loop_state_callback/11
Process Label: "db_conn_36"
Queue: [internal: {:connect, :init}]
Postponed: []
14:59:30.744 [error] :gen_statem #PID<0.381.0> terminating
** (stop) exited in: GenServer.call(Postgrex.SCRAM.LockedCache, {:lock, {<<72, 8, 43, 229, 198, 102, 23, 125, 232, 199, 51, 16, 67, 21, 133, 14, 223, 79, 1, 210, 161, 219, 136, 32, 171, 145, 179, 4, 37, 181, 211, 221>>, <<236, 148, 130, 159, 1, 25, 215, 206, 35, 32, 143, 49, 126, 164, 207, 102>>, 4096}}, :infinity)
    ** (EXIT) no process: the process is not alive or there's no process currently associated with the given name, possibly because its application isn't started
    (elixir 1.19.5) lib/gen_server.ex:1135: GenServer.call/3
    (postgrex 0.22.0) lib/postgrex/scram/locked_cache.ex:33: Postgrex.SCRAM.LockedCache.run/2
    (postgrex 0.22.0) lib/postgrex/scram.ex:28: Postgrex.SCRAM.client_final/2
    (postgrex 0.22.0) lib/postgrex/protocol.ex:923: Postgrex.Protocol.auth_cont/4
    (postgrex 0.22.0) lib/postgrex/protocol.ex:760: Postgrex.Protocol.handshake/3
    (postgrex 0.22.0) lib/postgrex/protocol.ex:229: Postgrex.Protocol.connect_endpoints/6
    (db_connection 2.9.0) lib/db_connection/connection.ex:80: DBConnection.Connection.handle_event/4
    (stdlib 7.2) gen_statem.erl:3743: :gen_statem.loop_state_callback/11
Process Label: "db_conn_46"
Queue: [internal: {:connect, :init}]
Postponed: []
14:59:30.743 [error] :gen_statem #PID<0.398.0> terminating
** (stop) exited in: GenServer.call(Postgrex.SCRAM.LockedCache, {:lock, {<<72, 8, 43, 229, 198, 102, 23, 125, 232, 199, 51, 16, 67, 21, 133, 14, 223, 79, 1, 210, 161, 219, 136, 32, 171, 145, 179, 4, 37, 181, 211, 221>>, <<236, 148, 130, 159, 1, 25, 215, 206, 35, 32, 143, 49, 126, 164, 207, 102>>, 4096}}, :infinity)
    ** (EXIT) no process: the process is not alive or there's no process currently associated with the given name, possibly because its application isn't started
    (elixir 1.19.5) lib/gen_server.ex:1135: GenServer.call/3
    (postgrex 0.22.0) lib/postgrex/scram/locked_cache.ex:33: Postgrex.SCRAM.LockedCache.run/2
    (postgrex 0.22.0) lib/postgrex/scram.ex:28: Postgrex.SCRAM.client_final/2
    (postgrex 0.22.0) lib/postgrex/protocol.ex:923: Postgrex.Protocol.auth_cont/4
    (postgrex 0.22.0) lib/postgrex/protocol.ex:760: Postgrex.Protocol.handshake/3
    (postgrex 0.22.0) lib/postgrex/protocol.ex:229: Postgrex.Protocol.connect_endpoints/6
    (db_connection 2.9.0) lib/db_connection/connection.ex:80: DBConnection.Connection.handle_event/4
    (stdlib 7.2) gen_statem.erl:3743: :gen_statem.loop_state_callback/11
Process Label: "db_conn_63"
Queue: [internal: {:connect, :init}]
Postponed: []
14:59:30.744 [error] :gen_statem #PID<0.384.0> terminating
** (stop) exited in: GenServer.call(Postgrex.SCRAM.LockedCache, {:lock, {<<72, 8, 43, 229, 198, 102, 23, 125, 232, 199, 51, 16, 67, 21, 133, 14, 223, 79, 1, 210, 161, 219, 136, 32, 171, 145, 179, 4, 37, 181, 211, 221>>, <<236, 148, 130, 159, 1, 25, 215, 206, 35, 32, 143, 49, 126, 164, 207, 102>>, 4096}}, :infinity)
    ** (EXIT) no process: the process is not alive or there's no process currently associated with the given name, possibly because its application isn't started
    (elixir 1.19.5) lib/gen_server.ex:1135: GenServer.call/3
    (postgrex 0.22.0) lib/postgrex/scram/locked_cache.ex:33: Postgrex.SCRAM.LockedCache.run/2
    (postgrex 0.22.0) lib/postgrex/scram.ex:28: Postgrex.SCRAM.client_final/2
    (postgrex 0.22.0) lib/postgrex/protocol.ex:923: Postgrex.Protocol.auth_cont/4
    (postgrex 0.22.0) lib/postgrex/protocol.ex:760: Postgrex.Protocol.handshake/3
    (postgrex 0.22.0) lib/postgrex/protocol.ex:229: Postgrex.Protocol.connect_endpoints/6
    (db_connection 2.9.0) lib/db_connection/connection.ex:80: DBConnection.Connection.handle_event/4
    (stdlib 7.2) gen_statem.erl:3743: :gen_statem.loop_state_callback/11
Process Label: "db_conn_49"
Queue: [internal: {:connect, :init}]
Postponed: []
14:59:30.744 [error] :gen_statem #PID<0.396.0> terminating
** (stop) exited in: GenServer.call(Postgrex.SCRAM.LockedCache, {:lock, {<<72, 8, 43, 229, 198, 102, 23, 125, 232, 199, 51, 16, 67, 21, 133, 14, 223, 79, 1, 210, 161, 219, 136, 32, 171, 145, 179, 4, 37, 181, 211, 221>>, <<236, 148, 130, 159, 1, 25, 215, 206, 35, 32, 143, 49, 126, 164, 207, 102>>, 4096}}, :infinity)
    ** (EXIT) no process: the process is not alive or there's no process currently associated with the given name, possibly because its application isn't started
    (elixir 1.19.5) lib/gen_server.ex:1135: GenServer.call/3
    (postgrex 0.22.0) lib/postgrex/scram/locked_cache.ex:33: Postgrex.SCRAM.LockedCache.run/2
    (postgrex 0.22.0) lib/postgrex/scram.ex:28: Postgrex.SCRAM.client_final/2
    (postgrex 0.22.0) lib/postgrex/protocol.ex:923: Postgrex.Protocol.auth_cont/4
    (postgrex 0.22.0) lib/postgrex/protocol.ex:760: Postgrex.Protocol.handshake/3
    (postgrex 0.22.0) lib/postgrex/protocol.ex:229: Postgrex.Protocol.connect_endpoints/6
    (db_connection 2.9.0) lib/db_connection/connection.ex:80: DBConnection.Connection.handle_event/4
    (stdlib 7.2) gen_statem.erl:3743: :gen_statem.loop_state_callback/11
Process Label: "db_conn_61"
Queue: [internal: {:connect, :init}]
Postponed: []
14:59:30.740 [error] :gen_statem #PID<0.393.0> terminating
** (stop) exited in: GenServer.call(Postgrex.SCRAM.LockedCache, {:lock, {<<72, 8, 43, 229, 198, 102, 23, 125, 232, 199, 51, 16, 67, 21, 133, 14, 223, 79, 1, 210, 161, 219, 136, 32, 171, 145, 179, 4, 37, 181, 211, 221>>, <<236, 148, 130, 159, 1, 25, 215, 206, 35, 32, 143, 49, 126, 164, 207, 102>>, 4096}}, :infinity)
    ** (EXIT) no process: the process is not alive or there's no process currently associated with the given name, possibly because its application isn't started
    (elixir 1.19.5) lib/gen_server.ex:1135: GenServer.call/3
    (postgrex 0.22.0) lib/postgrex/scram/locked_cache.ex:33: Postgrex.SCRAM.LockedCache.run/2
    (postgrex 0.22.0) lib/postgrex/scram.ex:28: Postgrex.SCRAM.client_final/2
    (postgrex 0.22.0) lib/postgrex/protocol.ex:923: Postgrex.Protocol.auth_cont/4
    (postgrex 0.22.0) lib/postgrex/protocol.ex:760: Postgrex.Protocol.handshake/3
    (postgrex 0.22.0) lib/postgrex/protocol.ex:229: Postgrex.Protocol.connect_endpoints/6
    (db_connection 2.9.0) lib/db_connection/connection.ex:80: DBConnection.Connection.handle_event/4
    (stdlib 7.2) gen_statem.erl:3743: :gen_statem.loop_state_callback/11
Process Label: "db_conn_58"
Queue: [internal: {:connect, :init}]
Postponed: []
14:59:30.739 [error] :gen_statem #PID<0.383.0> terminating
** (stop) exited in: GenServer.call(Postgrex.SCRAM.LockedCache, {:lock, {<<72, 8, 43, 229, 198, 102, 23, 125, 232, 199, 51, 16, 67, 21, 133, 14, 223, 79, 1, 210, 161, 219, 136, 32, 171, 145, 179, 4, 37, 181, 211, 221>>, <<236, 148, 130, 159, 1, 25, 215, 206, 35, 32, 143, 49, 126, 164, 207, 102>>, 4096}}, :infinity)
    ** (EXIT) no process: the process is not alive or there's no process currently associated with the given name, possibly because its application isn't started
    (elixir 1.19.5) lib/gen_server.ex:1135: GenServer.call/3
    (postgrex 0.22.0) lib/postgrex/scram/locked_cache.ex:33: Postgrex.SCRAM.LockedCache.run/2
    (postgrex 0.22.0) lib/postgrex/scram.ex:28: Postgrex.SCRAM.client_final/2
    (postgrex 0.22.0) lib/postgrex/protocol.ex:923: Postgrex.Protocol.auth_cont/4
    (postgrex 0.22.0) lib/postgrex/protocol.ex:760: Postgrex.Protocol.handshake/3
    (postgrex 0.22.0) lib/postgrex/protocol.ex:229: Postgrex.Protocol.connect_endpoints/6
    (db_connection 2.9.0) lib/db_connection/connection.ex:80: DBConnection.Connection.handle_event/4
    (stdlib 7.2) gen_statem.erl:3743: :gen_statem.loop_state_callback/11
Process Label: "db_conn_48"
Queue: [internal: {:connect, :init}]
Postponed: []
14:59:30.739 [error] :gen_statem #PID<0.374.0> terminating
** (stop) exited in: GenServer.call(Postgrex.SCRAM.LockedCache, {:lock, {<<72, 8, 43, 229, 198, 102, 23, 125, 232, 199, 51, 16, 67, 21, 133, 14, 223, 79, 1, 210, 161, 219, 136, 32, 171, 145, 179, 4, 37, 181, 211, 221>>, <<236, 148, 130, 159, 1, 25, 215, 206, 35, 32, 143, 49, 126, 164, 207, 102>>, 4096}}, :infinity)
    ** (EXIT) no process: the process is not alive or there's no process currently associated with the given name, possibly because its application isn't started
    (elixir 1.19.5) lib/gen_server.ex:1135: GenServer.call/3
    (postgrex 0.22.0) lib/postgrex/scram/locked_cache.ex:33: Postgrex.SCRAM.LockedCache.run/2
    (postgrex 0.22.0) lib/postgrex/scram.ex:28: Postgrex.SCRAM.client_final/2
    (postgrex 0.22.0) lib/postgrex/protocol.ex:923: Postgrex.Protocol.auth_cont/4
    (postgrex 0.22.0) lib/postgrex/protocol.ex:760: Postgrex.Protocol.handshake/3
    (postgrex 0.22.0) lib/postgrex/protocol.ex:229: Postgrex.Protocol.connect_endpoints/6
    (db_connection 2.9.0) lib/db_connection/connection.ex:80: DBConnection.Connection.handle_event/4
    (stdlib 7.2) gen_statem.erl:3743: :gen_statem.loop_state_callback/11
Process Label: "db_conn_39"
Queue: [internal: {:connect, :init}]
Postponed: []
14:59:30.740 [error] :gen_statem #PID<0.390.0> terminating
** (stop) exited in: GenServer.call(Postgrex.SCRAM.LockedCache, {:lock, {<<72, 8, 43, 229, 198, 102, 23, 125, 232, 199, 51, 16, 67, 21, 133, 14, 223, 79, 1, 210, 161, 219, 136, 32, 171, 145, 179, 4, 37, 181, 211, 221>>, <<236, 148, 130, 159, 1, 25, 215, 206, 35, 32, 143, 49, 126, 164, 207, 102>>, 4096}}, :infinity)
    ** (EXIT) no process: the process is not alive or there's no process currently associated with the given name, possibly because its application isn't started
    (elixir 1.19.5) lib/gen_server.ex:1135: GenServer.call/3
    (postgrex 0.22.0) lib/postgrex/scram/locked_cache.ex:33: Postgrex.SCRAM.LockedCache.run/2
    (postgrex 0.22.0) lib/postgrex/scram.ex:28: Postgrex.SCRAM.client_final/2
    (postgrex 0.22.0) lib/postgrex/protocol.ex:923: Postgrex.Protocol.auth_cont/4
    (postgrex 0.22.0) lib/postgrex/protocol.ex:760: Postgrex.Protocol.handshake/3
    (postgrex 0.22.0) lib/postgrex/protocol.ex:229: Postgrex.Protocol.connect_endpoints/6
    (db_connection 2.9.0) lib/db_connection/connection.ex:80: DBConnection.Connection.handle_event/4
    (stdlib 7.2) gen_statem.erl:3743: :gen_statem.loop_state_callback/11
Process Label: "db_conn_55"
Queue: [internal: {:connect, :init}]
Postponed: []
14:59:30.746 [error] :gen_statem #PID<0.370.0> terminating
** (stop) exited in: GenServer.call(Postgrex.SCRAM.LockedCache, {:lock, {<<72, 8, 43, 229, 198, 102, 23, 125, 232, 199, 51, 16, 67, 21, 133, 14, 223, 79, 1, 210, 161, 219, 136, 32, 171, 145, 179, 4, 37, 181, 211, 221>>, <<236, 148, 130, 159, 1, 25, 215, 206, 35, 32, 143, 49, 126, 164, 207, 102>>, 4096}}, :infinity)
    ** (EXIT) no process: the process is not alive or there's no process currently associated with the given name, possibly because its application isn't started
    (elixir 1.19.5) lib/gen_server.ex:1135: GenServer.call/3
    (postgrex 0.22.0) lib/postgrex/scram/locked_cache.ex:33: Postgrex.SCRAM.LockedCache.run/2
    (postgrex 0.22.0) lib/postgrex/scram.ex:28: Postgrex.SCRAM.client_final/2
    (postgrex 0.22.0) lib/postgrex/protocol.ex:923: Postgrex.Protocol.auth_cont/4
    (postgrex 0.22.0) lib/postgrex/protocol.ex:760: Postgrex.Protocol.handshake/3
    (postgrex 0.22.0) lib/postgrex/protocol.ex:229: Postgrex.Protocol.connect_endpoints/6
    (db_connection 2.9.0) lib/db_connection/connection.ex:80: DBConnection.Connection.handle_event/4
    (stdlib 7.2) gen_statem.erl:3743: :gen_statem.loop_state_callback/11
Process Label: "db_conn_35"
Queue: [internal: {:connect, :init}]
Postponed: []
14:59:30.745 [error] :gen_statem #PID<0.380.0> terminating
** (stop) exited in: GenServer.call(Postgrex.SCRAM.LockedCache, {:lock, {<<72, 8, 43, 229, 198, 102, 23, 125, 232, 199, 51, 16, 67, 21, 133, 14, 223, 79, 1, 210, 161, 219, 136, 32, 171, 145, 179, 4, 37, 181, 211, 221>>, <<236, 148, 130, 159, 1, 25, 215, 206, 35, 32, 143, 49, 126, 164, 207, 102>>, 4096}}, :infinity)
    ** (EXIT) no process: the process is not alive or there's no process currently associated with the given name, possibly because its application isn't started
    (elixir 1.19.5) lib/gen_server.ex:1135: GenServer.call/3
    (postgrex 0.22.0) lib/postgrex/scram/locked_cache.ex:33: Postgrex.SCRAM.LockedCache.run/2
    (postgrex 0.22.0) lib/postgrex/scram.ex:28: Postgrex.SCRAM.client_final/2
    (postgrex 0.22.0) lib/postgrex/protocol.ex:923: Postgrex.Protocol.auth_cont/4
    (postgrex 0.22.0) lib/postgrex/protocol.ex:760: Postgrex.Protocol.handshake/3
    (postgrex 0.22.0) lib/postgrex/protocol.ex:229: Postgrex.Protocol.connect_endpoints/6
    (db_connection 2.9.0) lib/db_connection/connection.ex:80: DBConnection.Connection.handle_event/4
    (stdlib 7.2) gen_statem.erl:3743: :gen_statem.loop_state_callback/11
Process Label: "db_conn_45"
Queue: [internal: {:connect, :init}]
Postponed: []
14:59:30.744 [error] :gen_statem #PID<0.388.0> terminating
** (stop) exited in: GenServer.call(Postgrex.SCRAM.LockedCache, {:lock, {<<72, 8, 43, 229, 198, 102, 23, 125, 232, 199, 51, 16, 67, 21, 133, 14, 223, 79, 1, 210, 161, 219, 136, 32, 171, 145, 179, 4, 37, 181, 211, 221>>, <<236, 148, 130, 159, 1, 25, 215, 206, 35, 32, 143, 49, 126, 164, 207, 102>>, 4096}}, :infinity)
    ** (EXIT) no process: the process is not alive or there's no process currently associated with the given name, possibly because its application isn't started
    (elixir 1.19.5) lib/gen_server.ex:1135: GenServer.call/3
    (postgrex 0.22.0) lib/postgrex/scram/locked_cache.ex:33: Postgrex.SCRAM.LockedCache.run/2
    (postgrex 0.22.0) lib/postgrex/scram.ex:28: Postgrex.SCRAM.client_final/2
    (postgrex 0.22.0) lib/postgrex/protocol.ex:923: Postgrex.Protocol.auth_cont/4
    (postgrex 0.22.0) lib/postgrex/protocol.ex:760: Postgrex.Protocol.handshake/3
    (postgrex 0.22.0) lib/postgrex/protocol.ex:229: Postgrex.Protocol.connect_endpoints/6
    (db_connection 2.9.0) lib/db_connection/connection.ex:80: DBConnection.Connection.handle_event/4
    (stdlib 7.2) gen_statem.erl:3743: :gen_statem.loop_state_callback/11
Process Label: "db_conn_53"
Queue: [internal: {:connect, :init}]
Postponed: []
14:59:30.746 [error] :gen_statem #PID<0.394.0> terminating
** (stop) exited in: GenServer.call(Postgrex.SCRAM.LockedCache, {:lock, {<<72, 8, 43, 229, 198, 102, 23, 125, 232, 199, 51, 16, 67, 21, 133, 14, 223, 79, 1, 210, 161, 219, 136, 32, 171, 145, 179, 4, 37, 181, 211, 221>>, <<236, 148, 130, 159, 1, 25, 215, 206, 35, 32, 143, 49, 126, 164, 207, 102>>, 4096}}, :infinity)
    ** (EXIT) no process: the process is not alive or there's no process currently associated with the given name, possibly because its application isn't started
    (elixir 1.19.5) lib/gen_server.ex:1135: GenServer.call/3
    (postgrex 0.22.0) lib/postgrex/scram/locked_cache.ex:33: Postgrex.SCRAM.LockedCache.run/2
    (postgrex 0.22.0) lib/postgrex/scram.ex:28: Postgrex.SCRAM.client_final/2
    (postgrex 0.22.0) lib/postgrex/protocol.ex:923: Postgrex.Protocol.auth_cont/4
    (postgrex 0.22.0) lib/postgrex/protocol.ex:760: Postgrex.Protocol.handshake/3
    (postgrex 0.22.0) lib/postgrex/protocol.ex:229: Postgrex.Protocol.connect_endpoints/6
    (db_connection 2.9.0) lib/db_connection/connection.ex:80: DBConnection.Connection.handle_event/4
    (stdlib 7.2) gen_statem.erl:3743: :gen_statem.loop_state_callback/11
Process Label: "db_conn_59"
Queue: [internal: {:connect, :init}]
Postponed: []
14:59:30.745 [error] :gen_statem #PID<0.360.0> terminating
** (stop) exited in: GenServer.call(Postgrex.SCRAM.LockedCache, {:lock, {<<72, 8, 43, 229, 198, 102, 23, 125, 232, 199, 51, 16, 67, 21, 133, 14, 223, 79, 1, 210, 161, 219, 136, 32, 171, 145, 179, 4, 37, 181, 211, 221>>, <<236, 148, 130, 159, 1, 25, 215, 206, 35, 32, 143, 49, 126, 164, 207, 102>>, 4096}}, :infinity)
    ** (EXIT) no process: the process is not alive or there's no process currently associated with the given name, possibly because its application isn't started
    (elixir 1.19.5) lib/gen_server.ex:1135: GenServer.call/3
    (postgrex 0.22.0) lib/postgrex/scram/locked_cache.ex:33: Postgrex.SCRAM.LockedCache.run/2
    (postgrex 0.22.0) lib/postgrex/scram.ex:28: Postgrex.SCRAM.client_final/2
    (postgrex 0.22.0) lib/postgrex/protocol.ex:923: Postgrex.Protocol.auth_cont/4
    (postgrex 0.22.0) lib/postgrex/protocol.ex:760: Postgrex.Protocol.handshake/3
    (postgrex 0.22.0) lib/postgrex/protocol.ex:229: Postgrex.Protocol.connect_endpoints/6
    (db_connection 2.9.0) lib/db_connection/connection.ex:80: DBConnection.Connection.handle_event/4
    (stdlib 7.2) gen_statem.erl:3743: :gen_statem.loop_state_callback/11
Process Label: "db_conn_25"
Queue: [internal: {:connect, :init}]
Postponed: []
14:59:30.747 [error] :gen_statem #PID<0.392.0> terminating
** (stop) exited in: GenServer.call(Postgrex.SCRAM.LockedCache, {:lock, {<<72, 8, 43, 229, 198, 102, 23, 125, 232, 199, 51, 16, 67, 21, 133, 14, 223, 79, 1, 210, 161, 219, 136, 32, 171, 145, 179, 4, 37, 181, 211, 221>>, <<236, 148, 130, 159, 1, 25, 215, 206, 35, 32, 143, 49, 126, 164, 207, 102>>, 4096}}, :infinity)
    ** (EXIT) no process: the process is not alive or there's no process currently associated with the given name, possibly because its application isn't started
    (elixir 1.19.5) lib/gen_server.ex:1135: GenServer.call/3
    (postgrex 0.22.0) lib/postgrex/scram/locked_cache.ex:33: Postgrex.SCRAM.LockedCache.run/2
    (postgrex 0.22.0) lib/postgrex/scram.ex:28: Postgrex.SCRAM.client_final/2
    (postgrex 0.22.0) lib/postgrex/protocol.ex:923: Postgrex.Protocol.auth_cont/4
    (postgrex 0.22.0) lib/postgrex/protocol.ex:760: Postgrex.Protocol.handshake/3
    (postgrex 0.22.0) lib/postgrex/protocol.ex:229: Postgrex.Protocol.connect_endpoints/6
    (db_connection 2.9.0) lib/db_connection/connection.ex:80: DBConnection.Connection.handle_event/4
    (stdlib 7.2) gen_statem.erl:3743: :gen_statem.loop_state_callback/11
Process Label: "db_conn_57"
Queue: [internal: {:connect, :init}]
Postponed: []
14:59:30.744 [error] :gen_statem #PID<0.399.0> terminating
** (stop) exited in: GenServer.call(Postgrex.SCRAM.LockedCache, {:lock, {<<72, 8, 43, 229, 198, 102, 23, 125, 232, 199, 51, 16, 67, 21, 133, 14, 223, 79, 1, 210, 161, 219, 136, 32, 171, 145, 179, 4, 37, 181, 211, 221>>, <<236, 148, 130, 159, 1, 25, 215, 206, 35, 32, 143, 49, 126, 164, 207, 102>>, 4096}}, :infinity)
    ** (EXIT) no process: the process is not alive or there's no process currently associated with the given name, possibly because its application isn't started
    (elixir 1.19.5) lib/gen_server.ex:1135: GenServer.call/3
    (postgrex 0.22.0) lib/postgrex/scram/locked_cache.ex:33: Postgrex.SCRAM.LockedCache.run/2
    (postgrex 0.22.0) lib/postgrex/scram.ex:28: Postgrex.SCRAM.client_final/2
    (postgrex 0.22.0) lib/postgrex/protocol.ex:923: Postgrex.Protocol.auth_cont/4
    (postgrex 0.22.0) lib/postgrex/protocol.ex:760: Postgrex.Protocol.handshake/3
    (postgrex 0.22.0) lib/postgrex/protocol.ex:229: Postgrex.Protocol.connect_endpoints/6
    (db_connection 2.9.0) lib/db_connection/connection.ex:80: DBConnection.Connection.handle_event/4
    (stdlib 7.2) gen_statem.erl:3743: :gen_statem.loop_state_callback/11
Process Label: "db_conn_64"
Queue: [internal: {:connect, :init}]
Postponed: []
14:59:30.744 [error] :gen_statem #PID<0.397.0> terminating
** (stop) exited in: GenServer.call(Postgrex.SCRAM.LockedCache, {:lock, {<<72, 8, 43, 229, 198, 102, 23, 125, 232, 199, 51, 16, 67, 21, 133, 14, 223, 79, 1, 210, 161, 219, 136, 32, 171, 145, 179, 4, 37, 181, 211, 221>>, <<236, 148, 130, 159, 1, 25, 215, 206, 35, 32, 143, 49, 126, 164, 207, 102>>, 4096}}, :infinity)
    ** (EXIT) no process: the process is not alive or there's no process currently associated with the given name, possibly because its application isn't started
    (elixir 1.19.5) lib/gen_server.ex:1135: GenServer.call/3
    (postgrex 0.22.0) lib/postgrex/scram/locked_cache.ex:33: Postgrex.SCRAM.LockedCache.run/2
    (postgrex 0.22.0) lib/postgrex/scram.ex:28: Postgrex.SCRAM.client_final/2
    (postgrex 0.22.0) lib/postgrex/protocol.ex:923: Postgrex.Protocol.auth_cont/4
    (postgrex 0.22.0) lib/postgrex/protocol.ex:760: Postgrex.Protocol.handshake/3
    (postgrex 0.22.0) lib/postgrex/protocol.ex:229: Postgrex.Protocol.connect_endpoints/6
    (db_connection 2.9.0) lib/db_connection/connection.ex:80: DBConnection.Connection.handle_event/4
    (stdlib 7.2) gen_statem.erl:3743: :gen_statem.loop_state_callback/11
Process Label: "db_conn_62"
Queue: [internal: {:connect, :init}]
Postponed: []
14:59:30.747 [error] :gen_statem #PID<0.389.0> terminating
** (stop) exited in: GenServer.call(Postgrex.SCRAM.LockedCache, {:lock, {<<72, 8, 43, 229, 198, 102, 23, 125, 232, 199, 51, 16, 67, 21, 133, 14, 223, 79, 1, 210, 161, 219, 136, 32, 171, 145, 179, 4, 37, 181, 211, 221>>, <<236, 148, 130, 159, 1, 25, 215, 206, 35, 32, 143, 49, 126, 164, 207, 102>>, 4096}}, :infinity)
    ** (EXIT) no process: the process is not alive or there's no process currently associated with the given name, possibly because its application isn't started
    (elixir 1.19.5) lib/gen_server.ex:1135: GenServer.call/3
    (postgrex 0.22.0) lib/postgrex/scram/locked_cache.ex:33: Postgrex.SCRAM.LockedCache.run/2
    (postgrex 0.22.0) lib/postgrex/scram.ex:28: Postgrex.SCRAM.client_final/2
    (postgrex 0.22.0) lib/postgrex/protocol.ex:923: Postgrex.Protocol.auth_cont/4
    (postgrex 0.22.0) lib/postgrex/protocol.ex:760: Postgrex.Protocol.handshake/3
    (postgrex 0.22.0) lib/postgrex/protocol.ex:229: Postgrex.Protocol.connect_endpoints/6
    (db_connection 2.9.0) lib/db_connection/connection.ex:80: DBConnection.Connection.handle_event/4
    (stdlib 7.2) gen_statem.erl:3743: :gen_statem.loop_state_callback/11
Process Label: "db_conn_54"
Queue: [internal: {:connect, :init}]
Postponed: []
14:59:30.747 [error] :gen_statem #PID<0.395.0> terminating
** (stop) exited in: GenServer.call(Postgrex.SCRAM.LockedCache, {:lock, {<<72, 8, 43, 229, 198, 102, 23, 125, 232, 199, 51, 16, 67, 21, 133, 14, 223, 79, 1, 210, 161, 219, 136, 32, 171, 145, 179, 4, 37, 181, 211, 221>>, <<236, 148, 130, 159, 1, 25, 215, 206, 35, 32, 143, 49, 126, 164, 207, 102>>, 4096}}, :infinity)
    ** (EXIT) no process: the process is not alive or there's no process currently associated with the given name, possibly because its application isn't started
    (elixir 1.19.5) lib/gen_server.ex:1135: GenServer.call/3
    (postgrex 0.22.0) lib/postgrex/scram/locked_cache.ex:33: Postgrex.SCRAM.LockedCache.run/2
    (postgrex 0.22.0) lib/postgrex/scram.ex:28: Postgrex.SCRAM.client_final/2
    (postgrex 0.22.0) lib/postgrex/protocol.ex:923: Postgrex.Protocol.auth_cont/4
    (postgrex 0.22.0) lib/postgrex/protocol.ex:760: Postgrex.Protocol.handshake/3
    (postgrex 0.22.0) lib/postgrex/protocol.ex:229: Postgrex.Protocol.connect_endpoints/6
    (db_connection 2.9.0) lib/db_connection/connection.ex:80: DBConnection.Connection.handle_event/4
    (stdlib 7.2) gen_statem.erl:3743: :gen_statem.loop_state_callback/11
Process Label: "db_conn_60"
Queue: [internal: {:connect, :init}]
Postponed: []
14:59:30.760 [error] :gen_statem #PID<0.382.0> terminating
** (stop) exited in: GenServer.call(Postgrex.SCRAM.LockedCache, {:lock, {<<72, 8, 43, 229, 198, 102, 23, 125, 232, 199, 51, 16, 67, 21, 133, 14, 223, 79, 1, 210, 161, 219, 136, 32, 171, 145, 179, 4, 37, 181, 211, 221>>, <<236, 148, 130, 159, 1, 25, 215, 206, 35, 32, 143, 49, 126, 164, 207, 102>>, 4096}}, :infinity)
    ** (EXIT) no process: the process is not alive or there's no process currently associated with the given name, possibly because its application isn't started
    (elixir 1.19.5) lib/gen_server.ex:1135: GenServer.call/3
    (postgrex 0.22.0) lib/postgrex/scram/locked_cache.ex:33: Postgrex.SCRAM.LockedCache.run/2
    (postgrex 0.22.0) lib/postgrex/scram.ex:28: Postgrex.SCRAM.client_final/2
    (postgrex 0.22.0) lib/postgrex/protocol.ex:923: Postgrex.Protocol.auth_cont/4
    (postgrex 0.22.0) lib/postgrex/protocol.ex:760: Postgrex.Protocol.handshake/3
    (postgrex 0.22.0) lib/postgrex/protocol.ex:229: Postgrex.Protocol.connect_endpoints/6
    (db_connection 2.9.0) lib/db_connection/connection.ex:80: DBConnection.Connection.handle_event/4
    (stdlib 7.2) gen_statem.erl:3743: :gen_statem.loop_state_callback/11
Process Label: "db_conn_47"
Queue: [internal: {:connect, :init}]
Postponed: []
14:59:30.760 [error] :gen_statem #PID<0.391.0> terminating
** (stop) exited in: GenServer.call(Postgrex.SCRAM.LockedCache, {:lock, {<<72, 8, 43, 229, 198, 102, 23, 125, 232, 199, 51, 16, 67, 21, 133, 14, 223, 79, 1, 210, 161, 219, 136, 32, 171, 145, 179, 4, 37, 181, 211, 221>>, <<236, 148, 130, 159, 1, 25, 215, 206, 35, 32, 143, 49, 126, 164, 207, 102>>, 4096}}, :infinity)
    ** (EXIT) no process: the process is not alive or there's no process currently associated with the given name, possibly because its application isn't started
    (elixir 1.19.5) lib/gen_server.ex:1135: GenServer.call/3
    (postgrex 0.22.0) lib/postgrex/scram/locked_cache.ex:33: Postgrex.SCRAM.LockedCache.run/2
    (postgrex 0.22.0) lib/postgrex/scram.ex:28: Postgrex.SCRAM.client_final/2
    (postgrex 0.22.0) lib/postgrex/protocol.ex:923: Postgrex.Protocol.auth_cont/4
    (postgrex 0.22.0) lib/postgrex/protocol.ex:760: Postgrex.Protocol.handshake/3
    (postgrex 0.22.0) lib/postgrex/protocol.ex:229: Postgrex.Protocol.connect_endpoints/6
    (db_connection 2.9.0) lib/db_connection/connection.ex:80: DBConnection.Connection.handle_event/4
    (stdlib 7.2) gen_statem.erl:3743: :gen_statem.loop_state_callback/11
Process Label: "db_conn_56"
Queue: [internal: {:connect, :init}]
Postponed: []
