15:00:46.942 [error] :gen_statem #PID<0.378.0> terminating
** (stop) exited in: GenServer.call(Postgrex.SCRAM.LockedCache, {:lock, {<<72, 8, 43, 229, 198, 102, 23, 125, 232, 199, 51, 16, 67, 21, 133, 14, 223, 79, 1, 210, 161, 219, 136, 32, 171, 145, 179, 4, 37, 181, 211, 221>>, <<236, 148, 130, 159, 1, 25, 215, 206, 35, 32, 143, 49, 126, 164, 207, 102>>, 4096}}, :infinity)
    ** (EXIT) no process: the process is not alive or there's no process currently associated with the given name, possibly because its application isn't started
    (elixir 1.19.5) lib/gen_server.ex:1135: GenServer.call/3
    (postgrex 0.22.0) lib/postgrex/scram/locked_cache.ex:33: Postgrex.SCRAM.LockedCache.run/2
    (postgrex 0.22.0) lib/postgrex/scram.ex:28: Postgrex.SCRAM.client_final/2
    (postgrex 0.22.0) lib/postgrex/protocol.ex:923: Postgrex.Protocol.auth_cont/4
    (postgrex 0.22.0) lib/postgrex/protocol.ex:760: Postgrex.Protocol.handshake/3
    (postgrex 0.22.0) lib/postgrex/protocol.ex:229: Postgrex.Protocol.connect_endpoints/6
    (db_connection 2.9.0) lib/db_connection/connection.ex:80: DBConnection.Connection.handle_event/4
    (stdlib 7.2) gen_statem.erl:3743: :gen_statem.loop_state_callback/11
Process Label: "db_conn_43"
Queue: [internal: {:connect, :init}]
Postponed: []
15:00:46.943 [error] :gen_statem #PID<0.379.0> terminating
** (stop) exited in: GenServer.call(Postgrex.SCRAM.LockedCache, {:lock, {<<72, 8, 43, 229, 198, 102, 23, 125, 232, 199, 51, 16, 67, 21, 133, 14, 223, 79, 1, 210, 161, 219, 136, 32, 171, 145, 179, 4, 37, 181, 211, 221>>, <<236, 148, 130, 159, 1, 25, 215, 206, 35, 32, 143, 49, 126, 164, 207, 102>>, 4096}}, :infinity)
    ** (EXIT) no process: the process is not alive or there's no process currently associated with the given name, possibly because its application isn't started
    (elixir 1.19.5) lib/gen_server.ex:1135: GenServer.call/3
    (postgrex 0.22.0) lib/postgrex/scram/locked_cache.ex:33: Postgrex.SCRAM.LockedCache.run/2
    (postgrex 0.22.0) lib/postgrex/scram.ex:28: Postgrex.SCRAM.client_final/2
    (postgrex 0.22.0) lib/postgrex/protocol.ex:923: Postgrex.Protocol.auth_cont/4
    (postgrex 0.22.0) lib/postgrex/protocol.ex:760: Postgrex.Protocol.handshake/3
    (postgrex 0.22.0) lib/postgrex/protocol.ex:229: Postgrex.Protocol.connect_endpoints/6
    (db_connection 2.9.0) lib/db_connection/connection.ex:80: DBConnection.Connection.handle_event/4
    (stdlib 7.2) gen_statem.erl:3743: :gen_statem.loop_state_callback/11
Process Label: "db_conn_44"
Queue: [internal: {:connect, :init}]
Postponed: []
15:00:46.943 [error] :gen_statem #PID<0.377.0> terminating
** (stop) exited in: GenServer.call(Postgrex.SCRAM.LockedCache, {:lock, {<<72, 8, 43, 229, 198, 102, 23, 125, 232, 199, 51, 16, 67, 21, 133, 14, 223, 79, 1, 210, 161, 219, 136, 32, 171, 145, 179, 4, 37, 181, 211, 221>>, <<236, 148, 130, 159, 1, 25, 215, 206, 35, 32, 143, 49, 126, 164, 207, 102>>, 4096}}, :infinity)
    ** (EXIT) no process: the process is not alive or there's no process currently associated with the given name, possibly because its application isn't started
    (elixir 1.19.5) lib/gen_server.ex:1135: GenServer.call/3
    (postgrex 0.22.0) lib/postgrex/scram/locked_cache.ex:33: Postgrex.SCRAM.LockedCache.run/2
    (postgrex 0.22.0) lib/postgrex/scram.ex:28: Postgrex.SCRAM.client_final/2
    (postgrex 0.22.0) lib/postgrex/protocol.ex:923: Postgrex.Protocol.auth_cont/4
    (postgrex 0.22.0) lib/postgrex/protocol.ex:760: Postgrex.Protocol.handshake/3
    (postgrex 0.22.0) lib/postgrex/protocol.ex:229: Postgrex.Protocol.connect_endpoints/6
    (db_connection 2.9.0) lib/db_connection/connection.ex:80: DBConnection.Connection.handle_event/4
    (stdlib 7.2) gen_statem.erl:3743: :gen_statem.loop_state_callback/11
Process Label: "db_conn_42"
Queue: [internal: {:connect, :init}]
Postponed: []
15:00:46.944 [error] :gen_statem #PID<0.347.0> terminating
** (stop) exited in: GenServer.call(Postgrex.SCRAM.LockedCache, {:lock, {<<72, 8, 43, 229, 198, 102, 23, 125, 232, 199, 51, 16, 67, 21, 133, 14, 223, 79, 1, 210, 161, 219, 136, 32, 171, 145, 179, 4, 37, 181, 211, 221>>, <<236, 148, 130, 159, 1, 25, 215, 206, 35, 32, 143, 49, 126, 164, 207, 102>>, 4096}}, :infinity)
    ** (EXIT) no process: the process is not alive or there's no process currently associated with the given name, possibly because its application isn't started
    (elixir 1.19.5) lib/gen_server.ex:1135: GenServer.call/3
    (postgrex 0.22.0) lib/postgrex/scram/locked_cache.ex:33: Postgrex.SCRAM.LockedCache.run/2
    (postgrex 0.22.0) lib/postgrex/scram.ex:28: Postgrex.SCRAM.client_final/2
    (postgrex 0.22.0) lib/postgrex/protocol.ex:923: Postgrex.Protocol.auth_cont/4
    (postgrex 0.22.0) lib/postgrex/protocol.ex:760: Postgrex.Protocol.handshake/3
    (postgrex 0.22.0) lib/postgrex/protocol.ex:229: Postgrex.Protocol.connect_endpoints/6
    (db_connection 2.9.0) lib/db_connection/connection.ex:80: DBConnection.Connection.handle_event/4
    (stdlib 7.2) gen_statem.erl:3743: :gen_statem.loop_state_callback/11
Process Label: "db_conn_12"
Queue: [internal: {:connect, :init}]
Postponed: []
15:00:46.942 [error] :gen_statem #PID<0.372.0> terminating
** (stop) exited in: GenServer.call(Postgrex.SCRAM.LockedCache, {:lock, {<<72, 8, 43, 229, 198, 102, 23, 125, 232, 199, 51, 16, 67, 21, 133, 14, 223, 79, 1, 210, 161, 219, 136, 32, 171, 145, 179, 4, 37, 181, 211, 221>>, <<236, 148, 130, 159, 1, 25, 215, 206, 35, 32, 143, 49, 126, 164, 207, 102>>, 4096}}, :infinity)
    ** (EXIT) no process: the process is not alive or there's no process currently associated with the given name, possibly because its application isn't started
    (elixir 1.19.5) lib/gen_server.ex:1135: GenServer.call/3
    (postgrex 0.22.0) lib/postgrex/scram/locked_cache.ex:33: Postgrex.SCRAM.LockedCache.run/2
    (postgrex 0.22.0) lib/postgrex/scram.ex:28: Postgrex.SCRAM.client_final/2
    (postgrex 0.22.0) lib/postgrex/protocol.ex:923: Postgrex.Protocol.auth_cont/4
    (postgrex 0.22.0) lib/postgrex/protocol.ex:760: Postgrex.Protocol.handshake/3
    (postgrex 0.22.0) lib/postgrex/protocol.ex:229: Postgrex.Protocol.connect_endpoints/6
    (db_connection 2.9.0) lib/db_connection/connection.ex:80: DBConnection.Connection.handle_event/4
    (stdlib 7.2) gen_statem.erl:3743: :gen_statem.loop_state_callback/11
Process Label: "db_conn_37"
Queue: [internal: {:connect, :init}]
Postponed: []
15:00:46.943 [error] :gen_statem #PID<0.338.0> terminating
** (stop) exited in: GenServer.call(Postgrex.SCRAM.LockedCache, {:lock, {<<72, 8, 43, 229, 198, 102, 23, 125, 232, 199, 51, 16, 67, 21, 133, 14, 223, 79, 1, 210, 161, 219, 136, 32, 171, 145, 179, 4, 37, 181, 211, 221>>, <<236, 148, 130, 159, 1, 25, 215, 206, 35, 32, 143, 49, 126, 164, 207, 102>>, 4096}}, :infinity)
    ** (EXIT) no process: the process is not alive or there's no process currently associated with the given name, possibly because its application isn't started
    (elixir 1.19.5) lib/gen_server.ex:1135: GenServer.call/3
    (postgrex 0.22.0) lib/postgrex/scram/locked_cache.ex:33: Postgrex.SCRAM.LockedCache.run/2
    (postgrex 0.22.0) lib/postgrex/scram.ex:28: Postgrex.SCRAM.client_final/2
    (postgrex 0.22.0) lib/postgrex/protocol.ex:923: Postgrex.Protocol.auth_cont/4
    (postgrex 0.22.0) lib/postgrex/protocol.ex:760: Postgrex.Protocol.handshake/3
    (postgrex 0.22.0) lib/postgrex/protocol.ex:229: Postgrex.Protocol.connect_endpoints/6
    (db_connection 2.9.0) lib/db_connection/connection.ex:80: DBConnection.Connection.handle_event/4
    (stdlib 7.2) gen_statem.erl:3743: :gen_statem.loop_state_callback/11
Process Label: "db_conn_3"
Queue: [internal: {:connect, :init}]
Postponed: []
15:00:46.940 [error] :gen_statem #PID<0.387.0> terminating
** (stop) exited in: GenServer.call(Postgrex.SCRAM.LockedCache, {:lock, {<<72, 8, 43, 229, 198, 102, 23, 125, 232, 199, 51, 16, 67, 21, 133, 14, 223, 79, 1, 210, 161, 219, 136, 32, 171, 145, 179, 4, 37, 181, 211, 221>>, <<236, 148, 130, 159, 1, 25, 215, 206, 35, 32, 143, 49, 126, 164, 207, 102>>, 4096}}, :infinity)
    ** (EXIT) no process: the process is not alive or there's no process currently associated with the given name, possibly because its application isn't started
    (elixir 1.19.5) lib/gen_server.ex:1135: GenServer.call/3
    (postgrex 0.22.0) lib/postgrex/scram/locked_cache.ex:33: Postgrex.SCRAM.LockedCache.run/2
    (postgrex 0.22.0) lib/postgrex/scram.ex:28: Postgrex.SCRAM.client_final/2
    (postgrex 0.22.0) lib/postgrex/protocol.ex:923: Postgrex.Protocol.auth_cont/4
    (postgrex 0.22.0) lib/postgrex/protocol.ex:760: Postgrex.Protocol.handshake/3
    (postgrex 0.22.0) lib/postgrex/protocol.ex:229: Postgrex.Protocol.connect_endpoints/6
    (db_connection 2.9.0) lib/db_connection/connection.ex:80: DBConnection.Connection.handle_event/4
    (stdlib 7.2) gen_statem.erl:3743: :gen_statem.loop_state_callback/11
Process Label: "db_conn_52"
Queue: [internal: {:connect, :init}]
Postponed: []
15:00:46.943 [error] :gen_statem #PID<0.398.0> terminating
** (stop) exited in: GenServer.call(Postgrex.SCRAM.LockedCache, {:lock, {<<72, 8, 43, 229, 198, 102, 23, 125, 232, 199, 51, 16, 67, 21, 133, 14, 223, 79, 1, 210, 161, 219, 136, 32, 171, 145, 179, 4, 37, 181, 211, 221>>, <<236, 148, 130, 159, 1, 25, 215, 206, 35, 32, 143, 49, 126, 164, 207, 102>>, 4096}}, :infinity)
    ** (EXIT) no process: the process is not alive or there's no process currently associated with the given name, possibly because its application isn't started
    (elixir 1.19.5) lib/gen_server.ex:1135: GenServer.call/3
    (postgrex 0.22.0) lib/postgrex/scram/locked_cache.ex:33: Postgrex.SCRAM.LockedCache.run/2
    (postgrex 0.22.0) lib/postgrex/scram.ex:28: Postgrex.SCRAM.client_final/2
    (postgrex 0.22.0) lib/postgrex/protocol.ex:923: Postgrex.Protocol.auth_cont/4
    (postgrex 0.22.0) lib/postgrex/protocol.ex:760: Postgrex.Protocol.handshake/3
    (postgrex 0.22.0) lib/postgrex/protocol.ex:229: Postgrex.Protocol.connect_endpoints/6
    (db_connection 2.9.0) lib/db_connection/connection.ex:80: DBConnection.Connection.handle_event/4
    (stdlib 7.2) gen_statem.erl:3743: :gen_statem.loop_state_callback/11
Process Label: "db_conn_63"
Queue: [internal: {:connect, :init}]
Postponed: []
15:00:46.942 [error] :gen_statem #PID<0.399.0> terminating
** (stop) exited in: GenServer.call(Postgrex.SCRAM.LockedCache, {:lock, {<<72, 8, 43, 229, 198, 102, 23, 125, 232, 199, 51, 16, 67, 21, 133, 14, 223, 79, 1, 210, 161, 219, 136, 32, 171, 145, 179, 4, 37, 181, 211, 221>>, <<236, 148, 130, 159, 1, 25, 215, 206, 35, 32, 143, 49, 126, 164, 207, 102>>, 4096}}, :infinity)
    ** (EXIT) no process: the process is not alive or there's no process currently associated with the given name, possibly because its application isn't started
    (elixir 1.19.5) lib/gen_server.ex:1135: GenServer.call/3
    (postgrex 0.22.0) lib/postgrex/scram/locked_cache.ex:33: Postgrex.SCRAM.LockedCache.run/2
    (postgrex 0.22.0) lib/postgrex/scram.ex:28: Postgrex.SCRAM.client_final/2
    (postgrex 0.22.0) lib/postgrex/protocol.ex:923: Postgrex.Protocol.auth_cont/4
    (postgrex 0.22.0) lib/postgrex/protocol.ex:760: Postgrex.Protocol.handshake/3
    (postgrex 0.22.0) lib/postgrex/protocol.ex:229: Postgrex.Protocol.connect_endpoints/6
    (db_connection 2.9.0) lib/db_connection/connection.ex:80: DBConnection.Connection.handle_event/4
    (stdlib 7.2) gen_statem.erl:3743: :gen_statem.loop_state_callback/11
Process Label: "db_conn_64"
Queue: [internal: {:connect, :init}]
Postponed: []
15:00:46.942 [error] :gen_statem #PID<0.350.0> terminating
** (stop) exited in: GenServer.call(Postgrex.SCRAM.LockedCache, {:lock, {<<72, 8, 43, 229, 198, 102, 23, 125, 232, 199, 51, 16, 67, 21, 133, 14, 223, 79, 1, 210, 161, 219, 136, 32, 171, 145, 179, 4, 37, 181, 211, 221>>, <<236, 148, 130, 159, 1, 25, 215, 206, 35, 32, 143, 49, 126, 164, 207, 102>>, 4096}}, :infinity)
    ** (EXIT) no process: the process is not alive or there's no process currently associated with the given name, possibly because its application isn't started
    (elixir 1.19.5) lib/gen_server.ex:1135: GenServer.call/3
    (postgrex 0.22.0) lib/postgrex/scram/locked_cache.ex:33: Postgrex.SCRAM.LockedCache.run/2
    (postgrex 0.22.0) lib/postgrex/scram.ex:28: Postgrex.SCRAM.client_final/2
    (postgrex 0.22.0) lib/postgrex/protocol.ex:923: Postgrex.Protocol.auth_cont/4
    (postgrex 0.22.0) lib/postgrex/protocol.ex:760: Postgrex.Protocol.handshake/3
    (postgrex 0.22.0) lib/postgrex/protocol.ex:229: Postgrex.Protocol.connect_endpoints/6
    (db_connection 2.9.0) lib/db_connection/connection.ex:80: DBConnection.Connection.handle_event/4
    (stdlib 7.2) gen_statem.erl:3743: :gen_statem.loop_state_callback/11
Process Label: "db_conn_15"
Queue: [internal: {:connect, :init}]
Postponed: []
15:00:46.943 [error] :gen_statem #PID<0.396.0> terminating
** (stop) exited in: GenServer.call(Postgrex.SCRAM.LockedCache, {:lock, {<<72, 8, 43, 229, 198, 102, 23, 125, 232, 199, 51, 16, 67, 21, 133, 14, 223, 79, 1, 210, 161, 219, 136, 32, 171, 145, 179, 4, 37, 181, 211, 221>>, <<236, 148, 130, 159, 1, 25, 215, 206, 35, 32, 143, 49, 126, 164, 207, 102>>, 4096}}, :infinity)
    ** (EXIT) no process: the process is not alive or there's no process currently associated with the given name, possibly because its application isn't started
    (elixir 1.19.5) lib/gen_server.ex:1135: GenServer.call/3
    (postgrex 0.22.0) lib/postgrex/scram/locked_cache.ex:33: Postgrex.SCRAM.LockedCache.run/2
    (postgrex 0.22.0) lib/postgrex/scram.ex:28: Postgrex.SCRAM.client_final/2
    (postgrex 0.22.0) lib/postgrex/protocol.ex:923: Postgrex.Protocol.auth_cont/4
    (postgrex 0.22.0) lib/postgrex/protocol.ex:760: Postgrex.Protocol.handshake/3
    (postgrex 0.22.0) lib/postgrex/protocol.ex:229: Postgrex.Protocol.connect_endpoints/6
    (db_connection 2.9.0) lib/db_connection/connection.ex:80: DBConnection.Connection.handle_event/4
    (stdlib 7.2) gen_statem.erl:3743: :gen_statem.loop_state_callback/11
Process Label: "db_conn_61"
Queue: [internal: {:connect, :init}]
Postponed: []
15:00:46.944 [error] :gen_statem #PID<0.339.0> terminating
** (stop) exited in: GenServer.call(Postgrex.SCRAM.LockedCache, {:lock, {<<72, 8, 43, 229, 198, 102, 23, 125, 232, 199, 51, 16, 67, 21, 133, 14, 223, 79, 1, 210, 161, 219, 136, 32, 171, 145, 179, 4, 37, 181, 211, 221>>, <<236, 148, 130, 159, 1, 25, 215, 206, 35, 32, 143, 49, 126, 164, 207, 102>>, 4096}}, :infinity)
    ** (EXIT) no process: the process is not alive or there's no process currently associated with the given name, possibly because its application isn't started
    (elixir 1.19.5) lib/gen_server.ex:1135: GenServer.call/3
    (postgrex 0.22.0) lib/postgrex/scram/locked_cache.ex:33: Postgrex.SCRAM.LockedCache.run/2
    (postgrex 0.22.0) lib/postgrex/scram.ex:28: Postgrex.SCRAM.client_final/2
    (postgrex 0.22.0) lib/postgrex/protocol.ex:923: Postgrex.Protocol.auth_cont/4
    (postgrex 0.22.0) lib/postgrex/protocol.ex:760: Postgrex.Protocol.handshake/3
    (postgrex 0.22.0) lib/postgrex/protocol.ex:229: Postgrex.Protocol.connect_endpoints/6
    (db_connection 2.9.0) lib/db_connection/connection.ex:80: DBConnection.Connection.handle_event/4
    (stdlib 7.2) gen_statem.erl:3743: :gen_statem.loop_state_callback/11
Process Label: "db_conn_4"
Queue: [internal: {:connect, :init}]
Postponed: []
15:00:46.942 [error] :gen_statem #PID<0.354.0> terminating
** (stop) exited in: GenServer.call(Postgrex.SCRAM.LockedCache, {:lock, {<<72, 8, 43, 229, 198, 102, 23, 125, 232, 199, 51, 16, 67, 21, 133, 14, 223, 79, 1, 210, 161, 219, 136, 32, 171, 145, 179, 4, 37, 181, 211, 221>>, <<236, 148, 130, 159, 1, 25, 215, 206, 35, 32, 143, 49, 126, 164, 207, 102>>, 4096}}, :infinity)
    ** (EXIT) no process: the process is not alive or there's no process currently associated with the given name, possibly because its application isn't started
    (elixir 1.19.5) lib/gen_server.ex:1135: GenServer.call/3
    (postgrex 0.22.0) lib/postgrex/scram/locked_cache.ex:33: Postgrex.SCRAM.LockedCache.run/2
    (postgrex 0.22.0) lib/postgrex/scram.ex:28: Postgrex.SCRAM.client_final/2
    (postgrex 0.22.0) lib/postgrex/protocol.ex:923: Postgrex.Protocol.auth_cont/4
    (postgrex 0.22.0) lib/postgrex/protocol.ex:760: Postgrex.Protocol.handshake/3
    (postgrex 0.22.0) lib/postgrex/protocol.ex:229: Postgrex.Protocol.connect_endpoints/6
    (db_connection 2.9.0) lib/db_connection/connection.ex:80: DBConnection.Connection.handle_event/4
    (stdlib 7.2) gen_statem.erl:3743: :gen_statem.loop_state_callback/11
Process Label: "db_conn_19"
Queue: [internal: {:connect, :init}]
Postponed: []
15:00:46.943 [error] :gen_statem #PID<0.364.0> terminating
** (stop) exited in: GenServer.call(Postgrex.SCRAM.LockedCache, {:lock, {<<72, 8, 43, 229, 198, 102, 23, 125, 232, 199, 51, 16, 67, 21, 133, 14, 223, 79, 1, 210, 161, 219, 136, 32, 171, 145, 179, 4, 37, 181, 211, 221>>, <<236, 148, 130, 159, 1, 25, 215, 206, 35, 32, 143, 49, 126, 164, 207, 102>>, 4096}}, :infinity)
    ** (EXIT) no process: the process is not alive or there's no process currently associated with the given name, possibly because its application isn't started
    (elixir 1.19.5) lib/gen_server.ex:1135: GenServer.call/3
    (postgrex 0.22.0) lib/postgrex/scram/locked_cache.ex:33: Postgrex.SCRAM.LockedCache.run/2
    (postgrex 0.22.0) lib/postgrex/scram.ex:28: Postgrex.SCRAM.client_final/2
    (postgrex 0.22.0) lib/postgrex/protocol.ex:923: Postgrex.Protocol.auth_cont/4
    (postgrex 0.22.0) lib/postgrex/protocol.ex:760: Postgrex.Protocol.handshake/3
    (postgrex 0.22.0) lib/postgrex/protocol.ex:229: Postgrex.Protocol.connect_endpoints/6
    (db_connection 2.9.0) lib/db_connection/connection.ex:80: DBConnection.Connection.handle_event/4
    (stdlib 7.2) gen_statem.erl:3743: :gen_statem.loop_state_callback/11
Process Label: "db_conn_29"
Queue: [internal: {:connect, :init}]
Postponed: []
15:00:46.942 [error] :gen_statem #PID<0.397.0> terminating
** (stop) exited in: GenServer.call(Postgrex.SCRAM.LockedCache, {:lock, {<<72, 8, 43, 229, 198, 102, 23, 125, 232, 199, 51, 16, 67, 21, 133, 14, 223, 79, 1, 210, 161, 219, 136, 32, 171, 145, 179, 4, 37, 181, 211, 221>>, <<236, 148, 130, 159, 1, 25, 215, 206, 35, 32, 143, 49, 126, 164, 207, 102>>, 4096}}, :infinity)
    ** (EXIT) no process: the process is not alive or there's no process currently associated with the given name, possibly because its application isn't started
    (elixir 1.19.5) lib/gen_server.ex:1135: GenServer.call/3
    (postgrex 0.22.0) lib/postgrex/scram/locked_cache.ex:33: Postgrex.SCRAM.LockedCache.run/2
    (postgrex 0.22.0) lib/postgrex/scram.ex:28: Postgrex.SCRAM.client_final/2
    (postgrex 0.22.0) lib/postgrex/protocol.ex:923: Postgrex.Protocol.auth_cont/4
    (postgrex 0.22.0) lib/postgrex/protocol.ex:760: Postgrex.Protocol.handshake/3
    (postgrex 0.22.0) lib/postgrex/protocol.ex:229: Postgrex.Protocol.connect_endpoints/6
    (db_connection 2.9.0) lib/db_connection/connection.ex:80: DBConnection.Connection.handle_event/4
    (stdlib 7.2) gen_statem.erl:3743: :gen_statem.loop_state_callback/11
Process Label: "db_conn_62"
Queue: [internal: {:connect, :init}]
Postponed: []
15:00:46.943 [error] :gen_statem #PID<0.380.0> terminating
** (stop) exited in: GenServer.call(Postgrex.SCRAM.LockedCache, {:lock, {<<72, 8, 43, 229, 198, 102, 23, 125, 232, 199, 51, 16, 67, 21, 133, 14, 223, 79, 1, 210, 161, 219, 136, 32, 171, 145, 179, 4, 37, 181, 211, 221>>, <<236, 148, 130, 159, 1, 25, 215, 206, 35, 32, 143, 49, 126, 164, 207, 102>>, 4096}}, :infinity)
    ** (EXIT) no process: the process is not alive or there's no process currently associated with the given name, possibly because its application isn't started
    (elixir 1.19.5) lib/gen_server.ex:1135: GenServer.call/3
    (postgrex 0.22.0) lib/postgrex/scram/locked_cache.ex:33: Postgrex.SCRAM.LockedCache.run/2
    (postgrex 0.22.0) lib/postgrex/scram.ex:28: Postgrex.SCRAM.client_final/2
    (postgrex 0.22.0) lib/postgrex/protocol.ex:923: Postgrex.Protocol.auth_cont/4
    (postgrex 0.22.0) lib/postgrex/protocol.ex:760: Postgrex.Protocol.handshake/3
    (postgrex 0.22.0) lib/postgrex/protocol.ex:229: Postgrex.Protocol.connect_endpoints/6
    (db_connection 2.9.0) lib/db_connection/connection.ex:80: DBConnection.Connection.handle_event/4
    (stdlib 7.2) gen_statem.erl:3743: :gen_statem.loop_state_callback/11
Process Label: "db_conn_45"
Queue: [internal: {:connect, :init}]
Postponed: []
15:00:46.941 [error] :gen_statem #PID<0.360.0> terminating
** (stop) exited in: GenServer.call(Postgrex.SCRAM.LockedCache, {:lock, {<<72, 8, 43, 229, 198, 102, 23, 125, 232, 199, 51, 16, 67, 21, 133, 14, 223, 79, 1, 210, 161, 219, 136, 32, 171, 145, 179, 4, 37, 181, 211, 221>>, <<236, 148, 130, 159, 1, 25, 215, 206, 35, 32, 143, 49, 126, 164, 207, 102>>, 4096}}, :infinity)
    ** (EXIT) no process: the process is not alive or there's no process currently associated with the given name, possibly because its application isn't started
    (elixir 1.19.5) lib/gen_server.ex:1135: GenServer.call/3
    (postgrex 0.22.0) lib/postgrex/scram/locked_cache.ex:33: Postgrex.SCRAM.LockedCache.run/2
    (postgrex 0.22.0) lib/postgrex/scram.ex:28: Postgrex.SCRAM.client_final/2
    (postgrex 0.22.0) lib/postgrex/protocol.ex:923: Postgrex.Protocol.auth_cont/4
    (postgrex 0.22.0) lib/postgrex/protocol.ex:760: Postgrex.Protocol.handshake/3
    (postgrex 0.22.0) lib/postgrex/protocol.ex:229: Postgrex.Protocol.connect_endpoints/6
    (db_connection 2.9.0) lib/db_connection/connection.ex:80: DBConnection.Connection.handle_event/4
    (stdlib 7.2) gen_statem.erl:3743: :gen_statem.loop_state_callback/11
Process Label: "db_conn_25"
Queue: [internal: {:connect, :init}]
Postponed: []
15:00:46.944 [error] :gen_statem #PID<0.383.0> terminating
** (stop) exited in: GenServer.call(Postgrex.SCRAM.LockedCache, {:lock, {<<72, 8, 43, 229, 198, 102, 23, 125, 232, 199, 51, 16, 67, 21, 133, 14, 223, 79, 1, 210, 161, 219, 136, 32, 171, 145, 179, 4, 37, 181, 211, 221>>, <<236, 148, 130, 159, 1, 25, 215, 206, 35, 32, 143, 49, 126, 164, 207, 102>>, 4096}}, :infinity)
    ** (EXIT) no process: the process is not alive or there's no process currently associated with the given name, possibly because its application isn't started
    (elixir 1.19.5) lib/gen_server.ex:1135: GenServer.call/3
    (postgrex 0.22.0) lib/postgrex/scram/locked_cache.ex:33: Postgrex.SCRAM.LockedCache.run/2
    (postgrex 0.22.0) lib/postgrex/scram.ex:28: Postgrex.SCRAM.client_final/2
    (postgrex 0.22.0) lib/postgrex/protocol.ex:923: Postgrex.Protocol.auth_cont/4
    (postgrex 0.22.0) lib/postgrex/protocol.ex:760: Postgrex.Protocol.handshake/3
    (postgrex 0.22.0) lib/postgrex/protocol.ex:229: Postgrex.Protocol.connect_endpoints/6
    (db_connection 2.9.0) lib/db_connection/connection.ex:80: DBConnection.Connection.handle_event/4
    (stdlib 7.2) gen_statem.erl:3743: :gen_statem.loop_state_callback/11
Process Label: "db_conn_48"
Queue: [internal: {:connect, :init}]
Postponed: []
15:00:46.942 [error] :gen_statem #PID<0.363.0> terminating
** (stop) exited in: GenServer.call(Postgrex.SCRAM.LockedCache, {:lock, {<<72, 8, 43, 229, 198, 102, 23, 125, 232, 199, 51, 16, 67, 21, 133, 14, 223, 79, 1, 210, 161, 219, 136, 32, 171, 145, 179, 4, 37, 181, 211, 221>>, <<236, 148, 130, 159, 1, 25, 215, 206, 35, 32, 143, 49, 126, 164, 207, 102>>, 4096}}, :infinity)
    ** (EXIT) no process: the process is not alive or there's no process currently associated with the given name, possibly because its application isn't started
    (elixir 1.19.5) lib/gen_server.ex:1135: GenServer.call/3
    (postgrex 0.22.0) lib/postgrex/scram/locked_cache.ex:33: Postgrex.SCRAM.LockedCache.run/2
    (postgrex 0.22.0) lib/postgrex/scram.ex:28: Postgrex.SCRAM.client_final/2
    (postgrex 0.22.0) lib/postgrex/protocol.ex:923: Postgrex.Protocol.auth_cont/4
    (postgrex 0.22.0) lib/postgrex/protocol.ex:760: Postgrex.Protocol.handshake/3
    (postgrex 0.22.0) lib/postgrex/protocol.ex:229: Postgrex.Protocol.connect_endpoints/6
    (db_connection 2.9.0) lib/db_connection/connection.ex:80: DBConnection.Connection.handle_event/4
    (stdlib 7.2) gen_statem.erl:3743: :gen_statem.loop_state_callback/11
Process Label: "db_conn_28"
Queue: [internal: {:connect, :init}]
Postponed: []
15:00:46.943 [error] :gen_statem #PID<0.340.0> terminating
** (stop) exited in: GenServer.call(Postgrex.SCRAM.LockedCache, {:lock, {<<72, 8, 43, 229, 198, 102, 23, 125, 232, 199, 51, 16, 67, 21, 133, 14, 223, 79, 1, 210, 161, 219, 136, 32, 171, 145, 179, 4, 37, 181, 211, 221>>, <<236, 148, 130, 159, 1, 25, 215, 206, 35, 32, 143, 49, 126, 164, 207, 102>>, 4096}}, :infinity)
    ** (EXIT) no process: the process is not alive or there's no process currently associated with the given name, possibly because its application isn't started
    (elixir 1.19.5) lib/gen_server.ex:1135: GenServer.call/3
    (postgrex 0.22.0) lib/postgrex/scram/locked_cache.ex:33: Postgrex.SCRAM.LockedCache.run/2
    (postgrex 0.22.0) lib/postgrex/scram.ex:28: Postgrex.SCRAM.client_final/2
    (postgrex 0.22.0) lib/postgrex/protocol.ex:923: Postgrex.Protocol.auth_cont/4
    (postgrex 0.22.0) lib/postgrex/protocol.ex:760: Postgrex.Protocol.handshake/3
    (postgrex 0.22.0) lib/postgrex/protocol.ex:229: Postgrex.Protocol.connect_endpoints/6
    (db_connection 2.9.0) lib/db_connection/connection.ex:80: DBConnection.Connection.handle_event/4
    (stdlib 7.2) gen_statem.erl:3743: :gen_statem.loop_state_callback/11
Process Label: "db_conn_5"
Queue: [internal: {:connect, :init}]
Postponed: []
15:00:46.943 [error] :gen_statem #PID<0.389.0> terminating
** (stop) exited in: GenServer.call(Postgrex.SCRAM.LockedCache, {:lock, {<<72, 8, 43, 229, 198, 102, 23, 125, 232, 199, 51, 16, 67, 21, 133, 14, 223, 79, 1, 210, 161, 219, 136, 32, 171, 145, 179, 4, 37, 181, 211, 221>>, <<236, 148, 130, 159, 1, 25, 215, 206, 35, 32, 143, 49, 126, 164, 207, 102>>, 4096}}, :infinity)
    ** (EXIT) no process: the process is not alive or there's no process currently associated with the given name, possibly because its application isn't started
    (elixir 1.19.5) lib/gen_server.ex:1135: GenServer.call/3
    (postgrex 0.22.0) lib/postgrex/scram/locked_cache.ex:33: Postgrex.SCRAM.LockedCache.run/2
    (postgrex 0.22.0) lib/postgrex/scram.ex:28: Postgrex.SCRAM.client_final/2
    (postgrex 0.22.0) lib/postgrex/protocol.ex:923: Postgrex.Protocol.auth_cont/4
    (postgrex 0.22.0) lib/postgrex/protocol.ex:760: Postgrex.Protocol.handshake/3
    (postgrex 0.22.0) lib/postgrex/protocol.ex:229: Postgrex.Protocol.connect_endpoints/6
    (db_connection 2.9.0) lib/db_connection/connection.ex:80: DBConnection.Connection.handle_event/4
    (stdlib 7.2) gen_statem.erl:3743: :gen_statem.loop_state_callback/11
Process Label: "db_conn_54"
Queue: [internal: {:connect, :init}]
Postponed: []
15:00:46.944 [error] :gen_statem #PID<0.384.0> terminating
** (stop) exited in: GenServer.call(Postgrex.SCRAM.LockedCache, {:lock, {<<72, 8, 43, 229, 198, 102, 23, 125, 232, 199, 51, 16, 67, 21, 133, 14, 223, 79, 1, 210, 161, 219, 136, 32, 171, 145, 179, 4, 37, 181, 211, 221>>, <<236, 148, 130, 159, 1, 25, 215, 206, 35, 32, 143, 49, 126, 164, 207, 102>>, 4096}}, :infinity)
    ** (EXIT) no process: the process is not alive or there's no process currently associated with the given name, possibly because its application isn't started
    (elixir 1.19.5) lib/gen_server.ex:1135: GenServer.call/3
    (postgrex 0.22.0) lib/postgrex/scram/locked_cache.ex:33: Postgrex.SCRAM.LockedCache.run/2
    (postgrex 0.22.0) lib/postgrex/scram.ex:28: Postgrex.SCRAM.client_final/2
    (postgrex 0.22.0) lib/postgrex/protocol.ex:923: Postgrex.Protocol.auth_cont/4
    (postgrex 0.22.0) lib/postgrex/protocol.ex:760: Postgrex.Protocol.handshake/3
    (postgrex 0.22.0) lib/postgrex/protocol.ex:229: Postgrex.Protocol.connect_endpoints/6
    (db_connection 2.9.0) lib/db_connection/connection.ex:80: DBConnection.Connection.handle_event/4
    (stdlib 7.2) gen_statem.erl:3743: :gen_statem.loop_state_callback/11
Process Label: "db_conn_49"
Queue: [internal: {:connect, :init}]
Postponed: []
15:00:46.941 [error] :gen_statem #PID<0.349.0> terminating
** (stop) exited in: GenServer.call(Postgrex.SCRAM.LockedCache, {:lock, {<<72, 8, 43, 229, 198, 102, 23, 125, 232, 199, 51, 16, 67, 21, 133, 14, 223, 79, 1, 210, 161, 219, 136, 32, 171, 145, 179, 4, 37, 181, 211, 221>>, <<236, 148, 130, 159, 1, 25, 215, 206, 35, 32, 143, 49, 126, 164, 207, 102>>, 4096}}, :infinity)
    ** (EXIT) no process: the process is not alive or there's no process currently associated with the given name, possibly because its application isn't started
    (elixir 1.19.5) lib/gen_server.ex:1135: GenServer.call/3
    (postgrex 0.22.0) lib/postgrex/scram/locked_cache.ex:33: Postgrex.SCRAM.LockedCache.run/2
    (postgrex 0.22.0) lib/postgrex/scram.ex:28: Postgrex.SCRAM.client_final/2
    (postgrex 0.22.0) lib/postgrex/protocol.ex:923: Postgrex.Protocol.auth_cont/4
    (postgrex 0.22.0) lib/postgrex/protocol.ex:760: Postgrex.Protocol.handshake/3
    (postgrex 0.22.0) lib/postgrex/protocol.ex:229: Postgrex.Protocol.connect_endpoints/6
    (db_connection 2.9.0) lib/db_connection/connection.ex:80: DBConnection.Connection.handle_event/4
    (stdlib 7.2) gen_statem.erl:3743: :gen_statem.loop_state_callback/11
Process Label: "db_conn_14"
Queue: [internal: {:connect, :init}]
Postponed: []
15:00:46.943 [error] :gen_statem #PID<0.382.0> terminating
** (stop) exited in: GenServer.call(Postgrex.SCRAM.LockedCache, {:lock, {<<72, 8, 43, 229, 198, 102, 23, 125, 232, 199, 51, 16, 67, 21, 133, 14, 223, 79, 1, 210, 161, 219, 136, 32, 171, 145, 179, 4, 37, 181, 211, 221>>, <<236, 148, 130, 159, 1, 25, 215, 206, 35, 32, 143, 49, 126, 164, 207, 102>>, 4096}}, :infinity)
    ** (EXIT) no process: the process is not alive or there's no process currently associated with the given name, possibly because its application isn't started
    (elixir 1.19.5) lib/gen_server.ex:1135: GenServer.call/3
    (postgrex 0.22.0) lib/postgrex/scram/locked_cache.ex:33: Postgrex.SCRAM.LockedCache.run/2
    (postgrex 0.22.0) lib/postgrex/scram.ex:28: Postgrex.SCRAM.client_final/2
    (postgrex 0.22.0) lib/postgrex/protocol.ex:923: Postgrex.Protocol.auth_cont/4
    (postgrex 0.22.0) lib/postgrex/protocol.ex:760: Postgrex.Protocol.handshake/3
    (postgrex 0.22.0) lib/postgrex/protocol.ex:229: Postgrex.Protocol.connect_endpoints/6
    (db_connection 2.9.0) lib/db_connection/connection.ex:80: DBConnection.Connection.handle_event/4
    (stdlib 7.2) gen_statem.erl:3743: :gen_statem.loop_state_callback/11
Process Label: "db_conn_47"
Queue: [internal: {:connect, :init}]
Postponed: []
15:00:46.942 [error] :gen_statem #PID<0.361.0> terminating
** (stop) exited in: GenServer.call(Postgrex.SCRAM.LockedCache, {:lock, {<<72, 8, 43, 229, 198, 102, 23, 125, 232, 199, 51, 16, 67, 21, 133, 14, 223, 79, 1, 210, 161, 219, 136, 32, 171, 145, 179, 4, 37, 181, 211, 221>>, <<236, 148, 130, 159, 1, 25, 215, 206, 35, 32, 143, 49, 126, 164, 207, 102>>, 4096}}, :infinity)
    ** (EXIT) no process: the process is not alive or there's no process currently associated with the given name, possibly because its application isn't started
    (elixir 1.19.5) lib/gen_server.ex:1135: GenServer.call/3
    (postgrex 0.22.0) lib/postgrex/scram/locked_cache.ex:33: Postgrex.SCRAM.LockedCache.run/2
    (postgrex 0.22.0) lib/postgrex/scram.ex:28: Postgrex.SCRAM.client_final/2
    (postgrex 0.22.0) lib/postgrex/protocol.ex:923: Postgrex.Protocol.auth_cont/4
    (postgrex 0.22.0) lib/postgrex/protocol.ex:760: Postgrex.Protocol.handshake/3
    (postgrex 0.22.0) lib/postgrex/protocol.ex:229: Postgrex.Protocol.connect_endpoints/6
    (db_connection 2.9.0) lib/db_connection/connection.ex:80: DBConnection.Connection.handle_event/4
    (stdlib 7.2) gen_statem.erl:3743: :gen_statem.loop_state_callback/11
Process Label: "db_conn_26"
Queue: [internal: {:connect, :init}]
Postponed: []
