15:46:24.525 [error] :gen_statem #PID<0.398.0> terminating
** (stop) exited in: GenServer.call(Postgrex.SCRAM.LockedCache, {:lock, {<<72, 8, 43, 229, 198, 102, 23, 125, 232, 199, 51, 16, 67, 21, 133, 14, 223, 79, 1, 210, 161, 219, 136, 32, 171, 145, 179, 4, 37, 181, 211, 221>>, <<236, 148, 130, 159, 1, 25, 215, 206, 35, 32, 143, 49, 126, 164, 207, 102>>, 4096}}, :infinity)
    ** (EXIT) no process: the process is not alive or there's no process currently associated with the given name, possibly because its application isn't started
    (elixir 1.19.5) lib/gen_server.ex:1135: GenServer.call/3
    (postgrex 0.22.0) lib/postgrex/scram/locked_cache.ex:33: Postgrex.SCRAM.LockedCache.run/2
    (postgrex 0.22.0) lib/postgrex/scram.ex:28: Postgrex.SCRAM.client_final/2
    (postgrex 0.22.0) lib/postgrex/protocol.ex:923: Postgrex.Protocol.auth_cont/4
    (postgrex 0.22.0) lib/postgrex/protocol.ex:760: Postgrex.Protocol.handshake/3
    (postgrex 0.22.0) lib/postgrex/protocol.ex:229: Postgrex.Protocol.connect_endpoints/6
    (db_connection 2.9.0) lib/db_connection/connection.ex:80: DBConnection.Connection.handle_event/4
    (stdlib 7.2) gen_statem.erl:3743: :gen_statem.loop_state_callback/11
Process Label: "db_conn_63"
Queue: [internal: {:connect, :init}]
Postponed: []
15:46:24.525 [error] :gen_statem #PID<0.392.0> terminating
** (stop) exited in: GenServer.call(Postgrex.SCRAM.LockedCache, {:lock, {<<72, 8, 43, 229, 198, 102, 23, 125, 232, 199, 51, 16, 67, 21, 133, 14, 223, 79, 1, 210, 161, 219, 136, 32, 171, 145, 179, 4, 37, 181, 211, 221>>, <<236, 148, 130, 159, 1, 25, 215, 206, 35, 32, 143, 49, 126, 164, 207, 102>>, 4096}}, :infinity)
    ** (EXIT) no process: the process is not alive or there's no process currently associated with the given name, possibly because its application isn't started
    (elixir 1.19.5) lib/gen_server.ex:1135: GenServer.call/3
    (postgrex 0.22.0) lib/postgrex/scram/locked_cache.ex:33: Postgrex.SCRAM.LockedCache.run/2
    (postgrex 0.22.0) lib/postgrex/scram.ex:28: Postgrex.SCRAM.client_final/2
    (postgrex 0.22.0) lib/postgrex/protocol.ex:923: Postgrex.Protocol.auth_cont/4
    (postgrex 0.22.0) lib/postgrex/protocol.ex:760: Postgrex.Protocol.handshake/3
    (postgrex 0.22.0) lib/postgrex/protocol.ex:229: Postgrex.Protocol.connect_endpoints/6
    (db_connection 2.9.0) lib/db_connection/connection.ex:80: DBConnection.Connection.handle_event/4
    (stdlib 7.2) gen_statem.erl:3743: :gen_statem.loop_state_callback/11
Process Label: "db_conn_57"
Queue: [internal: {:connect, :init}]
Postponed: []
15:46:24.525 [error] :gen_statem #PID<0.365.0> terminating
** (stop) exited in: GenServer.call(Postgrex.SCRAM.LockedCache, {:lock, {<<72, 8, 43, 229, 198, 102, 23, 125, 232, 199, 51, 16, 67, 21, 133, 14, 223, 79, 1, 210, 161, 219, 136, 32, 171, 145, 179, 4, 37, 181, 211, 221>>, <<236, 148, 130, 159, 1, 25, 215, 206, 35, 32, 143, 49, 126, 164, 207, 102>>, 4096}}, :infinity)
    ** (EXIT) no process: the process is not alive or there's no process currently associated with the given name, possibly because its application isn't started
    (elixir 1.19.5) lib/gen_server.ex:1135: GenServer.call/3
    (postgrex 0.22.0) lib/postgrex/scram/locked_cache.ex:33: Postgrex.SCRAM.LockedCache.run/2
    (postgrex 0.22.0) lib/postgrex/scram.ex:28: Postgrex.SCRAM.client_final/2
    (postgrex 0.22.0) lib/postgrex/protocol.ex:923: Postgrex.Protocol.auth_cont/4
    (postgrex 0.22.0) lib/postgrex/protocol.ex:760: Postgrex.Protocol.handshake/3
    (postgrex 0.22.0) lib/postgrex/protocol.ex:229: Postgrex.Protocol.connect_endpoints/6
    (db_connection 2.9.0) lib/db_connection/connection.ex:80: DBConnection.Connection.handle_event/4
    (stdlib 7.2) gen_statem.erl:3743: :gen_statem.loop_state_callback/11
Process Label: "db_conn_30"
Queue: [internal: {:connect, :init}]
Postponed: []
15:46:24.525 [error] :gen_statem #PID<0.346.0> terminating
** (stop) exited in: GenServer.call(Postgrex.SCRAM.LockedCache, {:lock, {<<72, 8, 43, 229, 198, 102, 23, 125, 232, 199, 51, 16, 67, 21, 133, 14, 223, 79, 1, 210, 161, 219, 136, 32, 171, 145, 179, 4, 37, 181, 211, 221>>, <<236, 148, 130, 159, 1, 25, 215, 206, 35, 32, 143, 49, 126, 164, 207, 102>>, 4096}}, :infinity)
    ** (EXIT) no process: the process is not alive or there's no process currently associated with the given name, possibly because its application isn't started
    (elixir 1.19.5) lib/gen_server.ex:1135: GenServer.call/3
    (postgrex 0.22.0) lib/postgrex/scram/locked_cache.ex:33: Postgrex.SCRAM.LockedCache.run/2
    (postgrex 0.22.0) lib/postgrex/scram.ex:28: Postgrex.SCRAM.client_final/2
    (postgrex 0.22.0) lib/postgrex/protocol.ex:923: Postgrex.Protocol.auth_cont/4
    (postgrex 0.22.0) lib/postgrex/protocol.ex:760: Postgrex.Protocol.handshake/3
    (postgrex 0.22.0) lib/postgrex/protocol.ex:229: Postgrex.Protocol.connect_endpoints/6
    (db_connection 2.9.0) lib/db_connection/connection.ex:80: DBConnection.Connection.handle_event/4
    (stdlib 7.2) gen_statem.erl:3743: :gen_statem.loop_state_callback/11
Process Label: "db_conn_11"
Queue: [internal: {:connect, :init}]
Postponed: []
15:46:24.525 [error] :gen_statem #PID<0.336.0> terminating
** (stop) exited in: GenServer.call(Postgrex.SCRAM.LockedCache, {:lock, {<<72, 8, 43, 229, 198, 102, 23, 125, 232, 199, 51, 16, 67, 21, 133, 14, 223, 79, 1, 210, 161, 219, 136, 32, 171, 145, 179, 4, 37, 181, 211, 221>>, <<236, 148, 130, 159, 1, 25, 215, 206, 35, 32, 143, 49, 126, 164, 207, 102>>, 4096}}, :infinity)
    ** (EXIT) no process: the process is not alive or there's no process currently associated with the given name, possibly because its application isn't started
    (elixir 1.19.5) lib/gen_server.ex:1135: GenServer.call/3
    (postgrex 0.22.0) lib/postgrex/scram/locked_cache.ex:33: Postgrex.SCRAM.LockedCache.run/2
    (postgrex 0.22.0) lib/postgrex/scram.ex:28: Postgrex.SCRAM.client_final/2
    (postgrex 0.22.0) lib/postgrex/protocol.ex:923: Postgrex.Protocol.auth_cont/4
    (postgrex 0.22.0) lib/postgrex/protocol.ex:760: Postgrex.Protocol.handshake/3
    (postgrex 0.22.0) lib/postgrex/protocol.ex:229: Postgrex.Protocol.connect_endpoints/6
    (db_connection 2.9.0) lib/db_connection/connection.ex:80: DBConnection.Connection.handle_event/4
    (stdlib 7.2) gen_statem.erl:3743: :gen_statem.loop_state_callback/11
Process Label: "db_conn_1"
Queue: [internal: {:connect, :init}]
Postponed: []
15:46:24.525 [error] :gen_statem #PID<0.373.0> terminating
** (stop) exited in: GenServer.call(Postgrex.SCRAM.LockedCache, {:lock, {<<72, 8, 43, 229, 198, 102, 23, 125, 232, 199, 51, 16, 67, 21, 133, 14, 223, 79, 1, 210, 161, 219, 136, 32, 171, 145, 179, 4, 37, 181, 211, 221>>, <<236, 148, 130, 159, 1, 25, 215, 206, 35, 32, 143, 49, 126, 164, 207, 102>>, 4096}}, :infinity)
    ** (EXIT) no process: the process is not alive or there's no process currently associated with the given name, possibly because its application isn't started
    (elixir 1.19.5) lib/gen_server.ex:1135: GenServer.call/3
    (postgrex 0.22.0) lib/postgrex/scram/locked_cache.ex:33: Postgrex.SCRAM.LockedCache.run/2
    (postgrex 0.22.0) lib/postgrex/scram.ex:28: Postgrex.SCRAM.client_final/2
    (postgrex 0.22.0) lib/postgrex/protocol.ex:923: Postgrex.Protocol.auth_cont/4
    (postgrex 0.22.0) lib/postgrex/protocol.ex:760: Postgrex.Protocol.handshake/3
    (postgrex 0.22.0) lib/postgrex/protocol.ex:229: Postgrex.Protocol.connect_endpoints/6
    (db_connection 2.9.0) lib/db_connection/connection.ex:80: DBConnection.Connection.handle_event/4
    (stdlib 7.2) gen_statem.erl:3743: :gen_statem.loop_state_callback/11
Process Label: "db_conn_38"
Queue: [internal: {:connect, :init}]
Postponed: []
15:46:24.525 [error] :gen_statem #PID<0.375.0> terminating
** (stop) exited in: GenServer.call(Postgrex.SCRAM.LockedCache, {:lock, {<<72, 8, 43, 229, 198, 102, 23, 125, 232, 199, 51, 16, 67, 21, 133, 14, 223, 79, 1, 210, 161, 219, 136, 32, 171, 145, 179, 4, 37, 181, 211, 221>>, <<236, 148, 130, 159, 1, 25, 215, 206, 35, 32, 143, 49, 126, 164, 207, 102>>, 4096}}, :infinity)
    ** (EXIT) no process: the process is not alive or there's no process currently associated with the given name, possibly because its application isn't started
    (elixir 1.19.5) lib/gen_server.ex:1135: GenServer.call/3
    (postgrex 0.22.0) lib/postgrex/scram/locked_cache.ex:33: Postgrex.SCRAM.LockedCache.run/2
    (postgrex 0.22.0) lib/postgrex/scram.ex:28: Postgrex.SCRAM.client_final/2
    (postgrex 0.22.0) lib/postgrex/protocol.ex:923: Postgrex.Protocol.auth_cont/4
    (postgrex 0.22.0) lib/postgrex/protocol.ex:760: Postgrex.Protocol.handshake/3
    (postgrex 0.22.0) lib/postgrex/protocol.ex:229: Postgrex.Protocol.connect_endpoints/6
    (db_connection 2.9.0) lib/db_connection/connection.ex:80: DBConnection.Connection.handle_event/4
    (stdlib 7.2) gen_statem.erl:3743: :gen_statem.loop_state_callback/11
Process Label: "db_conn_40"
Queue: [internal: {:connect, :init}]
Postponed: []
15:46:24.525 [error] :gen_statem #PID<0.382.0> terminating
** (stop) exited in: GenServer.call(Postgrex.SCRAM.LockedCache, {:lock, {<<72, 8, 43, 229, 198, 102, 23, 125, 232, 199, 51, 16, 67, 21, 133, 14, 223, 79, 1, 210, 161, 219, 136, 32, 171, 145, 179, 4, 37, 181, 211, 221>>, <<236, 148, 130, 159, 1, 25, 215, 206, 35, 32, 143, 49, 126, 164, 207, 102>>, 4096}}, :infinity)
    ** (EXIT) no process: the process is not alive or there's no process currently associated with the given name, possibly because its application isn't started
    (elixir 1.19.5) lib/gen_server.ex:1135: GenServer.call/3
    (postgrex 0.22.0) lib/postgrex/scram/locked_cache.ex:33: Postgrex.SCRAM.LockedCache.run/2
    (postgrex 0.22.0) lib/postgrex/scram.ex:28: Postgrex.SCRAM.client_final/2
    (postgrex 0.22.0) lib/postgrex/protocol.ex:923: Postgrex.Protocol.auth_cont/4
    (postgrex 0.22.0) lib/postgrex/protocol.ex:760: Postgrex.Protocol.handshake/3
    (postgrex 0.22.0) lib/postgrex/protocol.ex:229: Postgrex.Protocol.connect_endpoints/6
    (db_connection 2.9.0) lib/db_connection/connection.ex:80: DBConnection.Connection.handle_event/4
    (stdlib 7.2) gen_statem.erl:3743: :gen_statem.loop_state_callback/11
Process Label: "db_conn_47"
Queue: [internal: {:connect, :init}]
Postponed: []
15:46:24.525 [error] :gen_statem #PID<0.393.0> terminating
** (stop) exited in: GenServer.call(Postgrex.SCRAM.LockedCache, {:lock, {<<72, 8, 43, 229, 198, 102, 23, 125, 232, 199, 51, 16, 67, 21, 133, 14, 223, 79, 1, 210, 161, 219, 136, 32, 171, 145, 179, 4, 37, 181, 211, 221>>, <<236, 148, 130, 159, 1, 25, 215, 206, 35, 32, 143, 49, 126, 164, 207, 102>>, 4096}}, :infinity)
    ** (EXIT) no process: the process is not alive or there's no process currently associated with the given name, possibly because its application isn't started
    (elixir 1.19.5) lib/gen_server.ex:1135: GenServer.call/3
    (postgrex 0.22.0) lib/postgrex/scram/locked_cache.ex:33: Postgrex.SCRAM.LockedCache.run/2
    (postgrex 0.22.0) lib/postgrex/scram.ex:28: Postgrex.SCRAM.client_final/2
    (postgrex 0.22.0) lib/postgrex/protocol.ex:923: Postgrex.Protocol.auth_cont/4
    (postgrex 0.22.0) lib/postgrex/protocol.ex:760: Postgrex.Protocol.handshake/3
    (postgrex 0.22.0) lib/postgrex/protocol.ex:229: Postgrex.Protocol.connect_endpoints/6
    (db_connection 2.9.0) lib/db_connection/connection.ex:80: DBConnection.Connection.handle_event/4
    (stdlib 7.2) gen_statem.erl:3743: :gen_statem.loop_state_callback/11
Process Label: "db_conn_58"
Queue: [internal: {:connect, :init}]
Postponed: []
15:46:24.525 [error] :gen_statem #PID<0.355.0> terminating
** (stop) exited in: GenServer.call(Postgrex.SCRAM.LockedCache, {:lock, {<<72, 8, 43, 229, 198, 102, 23, 125, 232, 199, 51, 16, 67, 21, 133, 14, 223, 79, 1, 210, 161, 219, 136, 32, 171, 145, 179, 4, 37, 181, 211, 221>>, <<236, 148, 130, 159, 1, 25, 215, 206, 35, 32, 143, 49, 126, 164, 207, 102>>, 4096}}, :infinity)
    ** (EXIT) no process: the process is not alive or there's no process currently associated with the given name, possibly because its application isn't started
    (elixir 1.19.5) lib/gen_server.ex:1135: GenServer.call/3
    (postgrex 0.22.0) lib/postgrex/scram/locked_cache.ex:33: Postgrex.SCRAM.LockedCache.run/2
    (postgrex 0.22.0) lib/postgrex/scram.ex:28: Postgrex.SCRAM.client_final/2
    (postgrex 0.22.0) lib/postgrex/protocol.ex:923: Postgrex.Protocol.auth_cont/4
    (postgrex 0.22.0) lib/postgrex/protocol.ex:760: Postgrex.Protocol.handshake/3
    (postgrex 0.22.0) lib/postgrex/protocol.ex:229: Postgrex.Protocol.connect_endpoints/6
    (db_connection 2.9.0) lib/db_connection/connection.ex:80: DBConnection.Connection.handle_event/4
    (stdlib 7.2) gen_statem.erl:3743: :gen_statem.loop_state_callback/11
Process Label: "db_conn_20"
Queue: [internal: {:connect, :init}]
Postponed: []
15:46:24.525 [error] :gen_statem #PID<0.363.0> terminating
** (stop) exited in: GenServer.call(Postgrex.SCRAM.LockedCache, {:lock, {<<72, 8, 43, 229, 198, 102, 23, 125, 232, 199, 51, 16, 67, 21, 133, 14, 223, 79, 1, 210, 161, 219, 136, 32, 171, 145, 179, 4, 37, 181, 211, 221>>, <<236, 148, 130, 159, 1, 25, 215, 206, 35, 32, 143, 49, 126, 164, 207, 102>>, 4096}}, :infinity)
    ** (EXIT) no process: the process is not alive or there's no process currently associated with the given name, possibly because its application isn't started
    (elixir 1.19.5) lib/gen_server.ex:1135: GenServer.call/3
    (postgrex 0.22.0) lib/postgrex/scram/locked_cache.ex:33: Postgrex.SCRAM.LockedCache.run/2
    (postgrex 0.22.0) lib/postgrex/scram.ex:28: Postgrex.SCRAM.client_final/2
    (postgrex 0.22.0) lib/postgrex/protocol.ex:923: Postgrex.Protocol.auth_cont/4
    (postgrex 0.22.0) lib/postgrex/protocol.ex:760: Postgrex.Protocol.handshake/3
    (postgrex 0.22.0) lib/postgrex/protocol.ex:229: Postgrex.Protocol.connect_endpoints/6
    (db_connection 2.9.0) lib/db_connection/connection.ex:80: DBConnection.Connection.handle_event/4
    (stdlib 7.2) gen_statem.erl:3743: :gen_statem.loop_state_callback/11
Process Label: "db_conn_28"
Queue: [internal: {:connect, :init}]
Postponed: []
15:46:24.525 [error] :gen_statem #PID<0.374.0> terminating
** (stop) exited in: GenServer.call(Postgrex.SCRAM.LockedCache, {:lock, {<<72, 8, 43, 229, 198, 102, 23, 125, 232, 199, 51, 16, 67, 21, 133, 14, 223, 79, 1, 210, 161, 219, 136, 32, 171, 145, 179, 4, 37, 181, 211, 221>>, <<236, 148, 130, 159, 1, 25, 215, 206, 35, 32, 143, 49, 126, 164, 207, 102>>, 4096}}, :infinity)
    ** (EXIT) no process: the process is not alive or there's no process currently associated with the given name, possibly because its application isn't started
    (elixir 1.19.5) lib/gen_server.ex:1135: GenServer.call/3
    (postgrex 0.22.0) lib/postgrex/scram/locked_cache.ex:33: Postgrex.SCRAM.LockedCache.run/2
    (postgrex 0.22.0) lib/postgrex/scram.ex:28: Postgrex.SCRAM.client_final/2
    (postgrex 0.22.0) lib/postgrex/protocol.ex:923: Postgrex.Protocol.auth_cont/4
    (postgrex 0.22.0) lib/postgrex/protocol.ex:760: Postgrex.Protocol.handshake/3
    (postgrex 0.22.0) lib/postgrex/protocol.ex:229: Postgrex.Protocol.connect_endpoints/6
    (db_connection 2.9.0) lib/db_connection/connection.ex:80: DBConnection.Connection.handle_event/4
    (stdlib 7.2) gen_statem.erl:3743: :gen_statem.loop_state_callback/11
Process Label: "db_conn_39"
Queue: [internal: {:connect, :init}]
Postponed: []
15:46:24.525 [error] :gen_statem #PID<0.397.0> terminating
** (stop) exited in: GenServer.call(Postgrex.SCRAM.LockedCache, {:lock, {<<72, 8, 43, 229, 198, 102, 23, 125, 232, 199, 51, 16, 67, 21, 133, 14, 223, 79, 1, 210, 161, 219, 136, 32, 171, 145, 179, 4, 37, 181, 211, 221>>, <<236, 148, 130, 159, 1, 25, 215, 206, 35, 32, 143, 49, 126, 164, 207, 102>>, 4096}}, :infinity)
    ** (EXIT) no process: the process is not alive or there's no process currently associated with the given name, possibly because its application isn't started
    (elixir 1.19.5) lib/gen_server.ex:1135: GenServer.call/3
    (postgrex 0.22.0) lib/postgrex/scram/locked_cache.ex:33: Postgrex.SCRAM.LockedCache.run/2
    (postgrex 0.22.0) lib/postgrex/scram.ex:28: Postgrex.SCRAM.client_final/2
    (postgrex 0.22.0) lib/postgrex/protocol.ex:923: Postgrex.Protocol.auth_cont/4
    (postgrex 0.22.0) lib/postgrex/protocol.ex:760: Postgrex.Protocol.handshake/3
    (postgrex 0.22.0) lib/postgrex/protocol.ex:229: Postgrex.Protocol.connect_endpoints/6
    (db_connection 2.9.0) lib/db_connection/connection.ex:80: DBConnection.Connection.handle_event/4
    (stdlib 7.2) gen_statem.erl:3743: :gen_statem.loop_state_callback/11
Process Label: "db_conn_62"
Queue: [internal: {:connect, :init}]
Postponed: []
15:46:24.525 [error] :gen_statem #PID<0.383.0> terminating
** (stop) exited in: GenServer.call(Postgrex.SCRAM.LockedCache, {:lock, {<<72, 8, 43, 229, 198, 102, 23, 125, 232, 199, 51, 16, 67, 21, 133, 14, 223, 79, 1, 210, 161, 219, 136, 32, 171, 145, 179, 4, 37, 181, 211, 221>>, <<236, 148, 130, 159, 1, 25, 215, 206, 35, 32, 143, 49, 126, 164, 207, 102>>, 4096}}, :infinity)
    ** (EXIT) no process: the process is not alive or there's no process currently associated with the given name, possibly because its application isn't started
    (elixir 1.19.5) lib/gen_server.ex:1135: GenServer.call/3
    (postgrex 0.22.0) lib/postgrex/scram/locked_cache.ex:33: Postgrex.SCRAM.LockedCache.run/2
    (postgrex 0.22.0) lib/postgrex/scram.ex:28: Postgrex.SCRAM.client_final/2
    (postgrex 0.22.0) lib/postgrex/protocol.ex:923: Postgrex.Protocol.auth_cont/4
    (postgrex 0.22.0) lib/postgrex/protocol.ex:760: Postgrex.Protocol.handshake/3
    (postgrex 0.22.0) lib/postgrex/protocol.ex:229: Postgrex.Protocol.connect_endpoints/6
    (db_connection 2.9.0) lib/db_connection/connection.ex:80: DBConnection.Connection.handle_event/4
    (stdlib 7.2) gen_statem.erl:3743: :gen_statem.loop_state_callback/11
Process Label: "db_conn_48"
Queue: [internal: {:connect, :init}]
Postponed: []
15:46:24.525 [error] :gen_statem #PID<0.381.0> terminating
** (stop) exited in: GenServer.call(Postgrex.SCRAM.LockedCache, {:lock, {<<72, 8, 43, 229, 198, 102, 23, 125, 232, 199, 51, 16, 67, 21, 133, 14, 223, 79, 1, 210, 161, 219, 136, 32, 171, 145, 179, 4, 37, 181, 211, 221>>, <<236, 148, 130, 159, 1, 25, 215, 206, 35, 32, 143, 49, 126, 164, 207, 102>>, 4096}}, :infinity)
    ** (EXIT) no process: the process is not alive or there's no process currently associated with the given name, possibly because its application isn't started
    (elixir 1.19.5) lib/gen_server.ex:1135: GenServer.call/3
    (postgrex 0.22.0) lib/postgrex/scram/locked_cache.ex:33: Postgrex.SCRAM.LockedCache.run/2
    (postgrex 0.22.0) lib/postgrex/scram.ex:28: Postgrex.SCRAM.client_final/2
    (postgrex 0.22.0) lib/postgrex/protocol.ex:923: Postgrex.Protocol.auth_cont/4
    (postgrex 0.22.0) lib/postgrex/protocol.ex:760: Postgrex.Protocol.handshake/3
    (postgrex 0.22.0) lib/postgrex/protocol.ex:229: Postgrex.Protocol.connect_endpoints/6
    (db_connection 2.9.0) lib/db_connection/connection.ex:80: DBConnection.Connection.handle_event/4
    (stdlib 7.2) gen_statem.erl:3743: :gen_statem.loop_state_callback/11
Process Label: "db_conn_46"
Queue: [internal: {:connect, :init}]
Postponed: []
