15:02:08.891 [error] :gen_statem #PID<0.358.0> terminating
** (stop) exited in: GenServer.call(Postgrex.SCRAM.LockedCache, {:lock, {<<72, 8, 43, 229, 198, 102, 23, 125, 232, 199, 51, 16, 67, 21, 133, 14, 223, 79, 1, 210, 161, 219, 136, 32, 171, 145, 179, 4, 37, 181, 211, 221>>, <<236, 148, 130, 159, 1, 25, 215, 206, 35, 32, 143, 49, 126, 164, 207, 102>>, 4096}}, :infinity)
    ** (EXIT) no process: the process is not alive or there's no process currently associated with the given name, possibly because its application isn't started
    (elixir 1.19.5) lib/gen_server.ex:1135: GenServer.call/3
    (postgrex 0.22.0) lib/postgrex/scram/locked_cache.ex:33: Postgrex.SCRAM.LockedCache.run/2
    (postgrex 0.22.0) lib/postgrex/scram.ex:28: Postgrex.SCRAM.client_final/2
    (postgrex 0.22.0) lib/postgrex/protocol.ex:923: Postgrex.Protocol.auth_cont/4
    (postgrex 0.22.0) lib/postgrex/protocol.ex:760: Postgrex.Protocol.handshake/3
    (postgrex 0.22.0) lib/postgrex/protocol.ex:229: Postgrex.Protocol.connect_endpoints/6
    (db_connection 2.9.0) lib/db_connection/connection.ex:80: DBConnection.Connection.handle_event/4
    (stdlib 7.2) gen_statem.erl:3743: :gen_statem.loop_state_callback/11
Process Label: "db_conn_23"
Queue: [internal: {:connect, :init}]
Postponed: []
15:02:08.893 [error] :gen_statem #PID<0.366.0> terminating
** (stop) exited in: GenServer.call(Postgrex.SCRAM.LockedCache, {:lock, {<<72, 8, 43, 229, 198, 102, 23, 125, 232, 199, 51, 16, 67, 21, 133, 14, 223, 79, 1, 210, 161, 219, 136, 32, 171, 145, 179, 4, 37, 181, 211, 221>>, <<236, 148, 130, 159, 1, 25, 215, 206, 35, 32, 143, 49, 126, 164, 207, 102>>, 4096}}, :infinity)
    ** (EXIT) no process: the process is not alive or there's no process currently associated with the given name, possibly because its application isn't started
    (elixir 1.19.5) lib/gen_server.ex:1135: GenServer.call/3
    (postgrex 0.22.0) lib/postgrex/scram/locked_cache.ex:33: Postgrex.SCRAM.LockedCache.run/2
    (postgrex 0.22.0) lib/postgrex/scram.ex:28: Postgrex.SCRAM.client_final/2
    (postgrex 0.22.0) lib/postgrex/protocol.ex:923: Postgrex.Protocol.auth_cont/4
    (postgrex 0.22.0) lib/postgrex/protocol.ex:760: Postgrex.Protocol.handshake/3
    (postgrex 0.22.0) lib/postgrex/protocol.ex:229: Postgrex.Protocol.connect_endpoints/6
    (db_connection 2.9.0) lib/db_connection/connection.ex:80: DBConnection.Connection.handle_event/4
    (stdlib 7.2) gen_statem.erl:3743: :gen_statem.loop_state_callback/11
Process Label: "db_conn_31"
Queue: [internal: {:connect, :init}]
Postponed: []
15:02:08.893 [error] :gen_statem #PID<0.341.0> terminating
** (stop) exited in: GenServer.call(Postgrex.SCRAM.LockedCache, {:lock, {<<72, 8, 43, 229, 198, 102, 23, 125, 232, 199, 51, 16, 67, 21, 133, 14, 223, 79, 1, 210, 161, 219, 136, 32, 171, 145, 179, 4, 37, 181, 211, 221>>, <<236, 148, 130, 159, 1, 25, 215, 206, 35, 32, 143, 49, 126, 164, 207, 102>>, 4096}}, :infinity)
    ** (EXIT) no process: the process is not alive or there's no process currently associated with the given name, possibly because its application isn't started
    (elixir 1.19.5) lib/gen_server.ex:1135: GenServer.call/3
    (postgrex 0.22.0) lib/postgrex/scram/locked_cache.ex:33: Postgrex.SCRAM.LockedCache.run/2
    (postgrex 0.22.0) lib/postgrex/scram.ex:28: Postgrex.SCRAM.client_final/2
    (postgrex 0.22.0) lib/postgrex/protocol.ex:923: Postgrex.Protocol.auth_cont/4
    (postgrex 0.22.0) lib/postgrex/protocol.ex:760: Postgrex.Protocol.handshake/3
    (postgrex 0.22.0) lib/postgrex/protocol.ex:229: Postgrex.Protocol.connect_endpoints/6
    (db_connection 2.9.0) lib/db_connection/connection.ex:80: DBConnection.Connection.handle_event/4
    (stdlib 7.2) gen_statem.erl:3743: :gen_statem.loop_state_callback/11
Process Label: "db_conn_6"
Queue: [internal: {:connect, :init}]
Postponed: []
15:02:08.893 [error] :gen_statem #PID<0.380.0> terminating
** (stop) exited in: GenServer.call(Postgrex.SCRAM.LockedCache, {:lock, {<<72, 8, 43, 229, 198, 102, 23, 125, 232, 199, 51, 16, 67, 21, 133, 14, 223, 79, 1, 210, 161, 219, 136, 32, 171, 145, 179, 4, 37, 181, 211, 221>>, <<236, 148, 130, 159, 1, 25, 215, 206, 35, 32, 143, 49, 126, 164, 207, 102>>, 4096}}, :infinity)
    ** (EXIT) no process: the process is not alive or there's no process currently associated with the given name, possibly because its application isn't started
    (elixir 1.19.5) lib/gen_server.ex:1135: GenServer.call/3
    (postgrex 0.22.0) lib/postgrex/scram/locked_cache.ex:33: Postgrex.SCRAM.LockedCache.run/2
    (postgrex 0.22.0) lib/postgrex/scram.ex:28: Postgrex.SCRAM.client_final/2
    (postgrex 0.22.0) lib/postgrex/protocol.ex:923: Postgrex.Protocol.auth_cont/4
    (postgrex 0.22.0) lib/postgrex/protocol.ex:760: Postgrex.Protocol.handshake/3
    (postgrex 0.22.0) lib/postgrex/protocol.ex:229: Postgrex.Protocol.connect_endpoints/6
    (db_connection 2.9.0) lib/db_connection/connection.ex:80: DBConnection.Connection.handle_event/4
    (stdlib 7.2) gen_statem.erl:3743: :gen_statem.loop_state_callback/11
Process Label: "db_conn_45"
Queue: [internal: {:connect, :init}]
Postponed: []
15:02:08.894 [error] :gen_statem #PID<0.362.0> terminating
** (stop) exited in: GenServer.call(Postgrex.SCRAM.LockedCache, {:lock, {<<72, 8, 43, 229, 198, 102, 23, 125, 232, 199, 51, 16, 67, 21, 133, 14, 223, 79, 1, 210, 161, 219, 136, 32, 171, 145, 179, 4, 37, 181, 211, 221>>, <<236, 148, 130, 159, 1, 25, 215, 206, 35, 32, 143, 49, 126, 164, 207, 102>>, 4096}}, :infinity)
    ** (EXIT) no process: the process is not alive or there's no process currently associated with the given name, possibly because its application isn't started
    (elixir 1.19.5) lib/gen_server.ex:1135: GenServer.call/3
    (postgrex 0.22.0) lib/postgrex/scram/locked_cache.ex:33: Postgrex.SCRAM.LockedCache.run/2
    (postgrex 0.22.0) lib/postgrex/scram.ex:28: Postgrex.SCRAM.client_final/2
    (postgrex 0.22.0) lib/postgrex/protocol.ex:923: Postgrex.Protocol.auth_cont/4
    (postgrex 0.22.0) lib/postgrex/protocol.ex:760: Postgrex.Protocol.handshake/3
    (postgrex 0.22.0) lib/postgrex/protocol.ex:229: Postgrex.Protocol.connect_endpoints/6
    (db_connection 2.9.0) lib/db_connection/connection.ex:80: DBConnection.Connection.handle_event/4
    (stdlib 7.2) gen_statem.erl:3743: :gen_statem.loop_state_callback/11
Process Label: "db_conn_27"
Queue: [internal: {:connect, :init}]
Postponed: []
15:02:08.894 [error] :gen_statem #PID<0.367.0> terminating
** (stop) exited in: GenServer.call(Postgrex.SCRAM.LockedCache, {:lock, {<<72, 8, 43, 229, 198, 102, 23, 125, 232, 199, 51, 16, 67, 21, 133, 14, 223, 79, 1, 210, 161, 219, 136, 32, 171, 145, 179, 4, 37, 181, 211, 221>>, <<236, 148, 130, 159, 1, 25, 215, 206, 35, 32, 143, 49, 126, 164, 207, 102>>, 4096}}, :infinity)
    ** (EXIT) no process: the process is not alive or there's no process currently associated with the given name, possibly because its application isn't started
    (elixir 1.19.5) lib/gen_server.ex:1135: GenServer.call/3
    (postgrex 0.22.0) lib/postgrex/scram/locked_cache.ex:33: Postgrex.SCRAM.LockedCache.run/2
    (postgrex 0.22.0) lib/postgrex/scram.ex:28: Postgrex.SCRAM.client_final/2
    (postgrex 0.22.0) lib/postgrex/protocol.ex:923: Postgrex.Protocol.auth_cont/4
    (postgrex 0.22.0) lib/postgrex/protocol.ex:760: Postgrex.Protocol.handshake/3
    (postgrex 0.22.0) lib/postgrex/protocol.ex:229: Postgrex.Protocol.connect_endpoints/6
    (db_connection 2.9.0) lib/db_connection/connection.ex:80: DBConnection.Connection.handle_event/4
    (stdlib 7.2) gen_statem.erl:3743: :gen_statem.loop_state_callback/11
Process Label: "db_conn_32"
Queue: [internal: {:connect, :init}]
Postponed: []
15:02:08.892 [error] :gen_statem #PID<0.354.0> terminating
** (stop) exited in: GenServer.call(Postgrex.SCRAM.LockedCache, {:lock, {<<72, 8, 43, 229, 198, 102, 23, 125, 232, 199, 51, 16, 67, 21, 133, 14, 223, 79, 1, 210, 161, 219, 136, 32, 171, 145, 179, 4, 37, 181, 211, 221>>, <<236, 148, 130, 159, 1, 25, 215, 206, 35, 32, 143, 49, 126, 164, 207, 102>>, 4096}}, :infinity)
    ** (EXIT) no process: the process is not alive or there's no process currently associated with the given name, possibly because its application isn't started
    (elixir 1.19.5) lib/gen_server.ex:1135: GenServer.call/3
    (postgrex 0.22.0) lib/postgrex/scram/locked_cache.ex:33: Postgrex.SCRAM.LockedCache.run/2
    (postgrex 0.22.0) lib/postgrex/scram.ex:28: Postgrex.SCRAM.client_final/2
    (postgrex 0.22.0) lib/postgrex/protocol.ex:923: Postgrex.Protocol.auth_cont/4
    (postgrex 0.22.0) lib/postgrex/protocol.ex:760: Postgrex.Protocol.handshake/3
    (postgrex 0.22.0) lib/postgrex/protocol.ex:229: Postgrex.Protocol.connect_endpoints/6
    (db_connection 2.9.0) lib/db_connection/connection.ex:80: DBConnection.Connection.handle_event/4
    (stdlib 7.2) gen_statem.erl:3743: :gen_statem.loop_state_callback/11
Process Label: "db_conn_19"
Queue: [internal: {:connect, :init}]
Postponed: []
15:02:08.893 [error] :gen_statem #PID<0.357.0> terminating
** (stop) exited in: GenServer.call(Postgrex.SCRAM.LockedCache, {:lock, {<<72, 8, 43, 229, 198, 102, 23, 125, 232, 199, 51, 16, 67, 21, 133, 14, 223, 79, 1, 210, 161, 219, 136, 32, 171, 145, 179, 4, 37, 181, 211, 221>>, <<236, 148, 130, 159, 1, 25, 215, 206, 35, 32, 143, 49, 126, 164, 207, 102>>, 4096}}, :infinity)
    ** (EXIT) no process: the process is not alive or there's no process currently associated with the given name, possibly because its application isn't started
    (elixir 1.19.5) lib/gen_server.ex:1135: GenServer.call/3
    (postgrex 0.22.0) lib/postgrex/scram/locked_cache.ex:33: Postgrex.SCRAM.LockedCache.run/2
    (postgrex 0.22.0) lib/postgrex/scram.ex:28: Postgrex.SCRAM.client_final/2
    (postgrex 0.22.0) lib/postgrex/protocol.ex:923: Postgrex.Protocol.auth_cont/4
    (postgrex 0.22.0) lib/postgrex/protocol.ex:760: Postgrex.Protocol.handshake/3
    (postgrex 0.22.0) lib/postgrex/protocol.ex:229: Postgrex.Protocol.connect_endpoints/6
    (db_connection 2.9.0) lib/db_connection/connection.ex:80: DBConnection.Connection.handle_event/4
    (stdlib 7.2) gen_statem.erl:3743: :gen_statem.loop_state_callback/11
Process Label: "db_conn_22"
Queue: [internal: {:connect, :init}]
Postponed: []
15:02:08.891 [error] :gen_statem #PID<0.339.0> terminating
** (stop) exited in: GenServer.call(Postgrex.SCRAM.LockedCache, {:lock, {<<72, 8, 43, 229, 198, 102, 23, 125, 232, 199, 51, 16, 67, 21, 133, 14, 223, 79, 1, 210, 161, 219, 136, 32, 171, 145, 179, 4, 37, 181, 211, 221>>, <<236, 148, 130, 159, 1, 25, 215, 206, 35, 32, 143, 49, 126, 164, 207, 102>>, 4096}}, :infinity)
    ** (EXIT) no process: the process is not alive or there's no process currently associated with the given name, possibly because its application isn't started
    (elixir 1.19.5) lib/gen_server.ex:1135: GenServer.call/3
    (postgrex 0.22.0) lib/postgrex/scram/locked_cache.ex:33: Postgrex.SCRAM.LockedCache.run/2
    (postgrex 0.22.0) lib/postgrex/scram.ex:28: Postgrex.SCRAM.client_final/2
    (postgrex 0.22.0) lib/postgrex/protocol.ex:923: Postgrex.Protocol.auth_cont/4
    (postgrex 0.22.0) lib/postgrex/protocol.ex:760: Postgrex.Protocol.handshake/3
    (postgrex 0.22.0) lib/postgrex/protocol.ex:229: Postgrex.Protocol.connect_endpoints/6
    (db_connection 2.9.0) lib/db_connection/connection.ex:80: DBConnection.Connection.handle_event/4
    (stdlib 7.2) gen_statem.erl:3743: :gen_statem.loop_state_callback/11
Process Label: "db_conn_4"
Queue: [internal: {:connect, :init}]
Postponed: []
15:02:08.894 [error] :gen_statem #PID<0.363.0> terminating
** (stop) exited in: GenServer.call(Postgrex.SCRAM.LockedCache, {:lock, {<<72, 8, 43, 229, 198, 102, 23, 125, 232, 199, 51, 16, 67, 21, 133, 14, 223, 79, 1, 210, 161, 219, 136, 32, 171, 145, 179, 4, 37, 181, 211, 221>>, <<236, 148, 130, 159, 1, 25, 215, 206, 35, 32, 143, 49, 126, 164, 207, 102>>, 4096}}, :infinity)
    ** (EXIT) no process: the process is not alive or there's no process currently associated with the given name, possibly because its application isn't started
    (elixir 1.19.5) lib/gen_server.ex:1135: GenServer.call/3
    (postgrex 0.22.0) lib/postgrex/scram/locked_cache.ex:33: Postgrex.SCRAM.LockedCache.run/2
    (postgrex 0.22.0) lib/postgrex/scram.ex:28: Postgrex.SCRAM.client_final/2
    (postgrex 0.22.0) lib/postgrex/protocol.ex:923: Postgrex.Protocol.auth_cont/4
    (postgrex 0.22.0) lib/postgrex/protocol.ex:760: Postgrex.Protocol.handshake/3
    (postgrex 0.22.0) lib/postgrex/protocol.ex:229: Postgrex.Protocol.connect_endpoints/6
    (db_connection 2.9.0) lib/db_connection/connection.ex:80: DBConnection.Connection.handle_event/4
    (stdlib 7.2) gen_statem.erl:3743: :gen_statem.loop_state_callback/11
Process Label: "db_conn_28"
Queue: [internal: {:connect, :init}]
Postponed: []
15:02:08.894 [error] :gen_statem #PID<0.359.0> terminating
** (stop) exited in: GenServer.call(Postgrex.SCRAM.LockedCache, {:lock, {<<72, 8, 43, 229, 198, 102, 23, 125, 232, 199, 51, 16, 67, 21, 133, 14, 223, 79, 1, 210, 161, 219, 136, 32, 171, 145, 179, 4, 37, 181, 211, 221>>, <<236, 148, 130, 159, 1, 25, 215, 206, 35, 32, 143, 49, 126, 164, 207, 102>>, 4096}}, :infinity)
    ** (EXIT) no process: the process is not alive or there's no process currently associated with the given name, possibly because its application isn't started
    (elixir 1.19.5) lib/gen_server.ex:1135: GenServer.call/3
    (postgrex 0.22.0) lib/postgrex/scram/locked_cache.ex:33: Postgrex.SCRAM.LockedCache.run/2
    (postgrex 0.22.0) lib/postgrex/scram.ex:28: Postgrex.SCRAM.client_final/2
    (postgrex 0.22.0) lib/postgrex/protocol.ex:923: Postgrex.Protocol.auth_cont/4
    (postgrex 0.22.0) lib/postgrex/protocol.ex:760: Postgrex.Protocol.handshake/3
    (postgrex 0.22.0) lib/postgrex/protocol.ex:229: Postgrex.Protocol.connect_endpoints/6
    (db_connection 2.9.0) lib/db_connection/connection.ex:80: DBConnection.Connection.handle_event/4
    (stdlib 7.2) gen_statem.erl:3743: :gen_statem.loop_state_callback/11
Process Label: "db_conn_24"
Queue: [internal: {:connect, :init}]
Postponed: []
